Archive member included to satisfy reference by file (symbol)

C:/ST/STM32CubeIDE_1.17.0/STM32CubeIDE/plugins/com.st.stm32cube.ide.mcu.externaltools.gnu-tools-for-stm32.13.3.rel1.win32_1.0.0.202411081344/tools/bin/../lib/gcc/arm-none-eabi/13.3.1/../../../../arm-none-eabi/lib/thumb/v7e-m+fp/hard\libc_nano.a(libc_a-exit.o)
                              C:/ST/STM32CubeIDE_1.17.0/STM32CubeIDE/plugins/com.st.stm32cube.ide.mcu.externaltools.gnu-tools-for-stm32.13.3.rel1.win32_1.0.0.202411081344/tools/bin/../lib/gcc/arm-none-eabi/13.3.1/../../../../arm-none-eabi/lib/thumb/v7e-m+fp/hard/crt0.o (exit)
C:/ST/STM32CubeIDE_1.17.0/STM32CubeIDE/plugins/com.st.stm32cube.ide.mcu.externaltools.gnu-tools-for-stm32.13.3.rel1.win32_1.0.0.202411081344/tools/bin/../lib/gcc/arm-none-eabi/13.3.1/../../../../arm-none-eabi/lib/thumb/v7e-m+fp/hard\libc_nano.a(libc_a-findfp.o)
                              C:/ST/STM32CubeIDE_1.17.0/STM32CubeIDE/plugins/com.st.stm32cube.ide.mcu.externaltools.gnu-tools-for-stm32.13.3.rel1.win32_1.0.0.202411081344/tools/bin/../lib/gcc/arm-none-eabi/13.3.1/../../../../arm-none-eabi/lib/thumb/v7e-m+fp/hard\libc_nano.a(libc_a-exit.o) (__stdio_exit_handler)
C:/ST/STM32CubeIDE_1.17.0/STM32CubeIDE/plugins/com.st.stm32cube.ide.mcu.externaltools.gnu-tools-for-stm32.13.3.rel1.win32_1.0.0.202411081344/tools/bin/../lib/gcc/arm-none-eabi/13.3.1/../../../../arm-none-eabi/lib/thumb/v7e-m+fp/hard\libc_nano.a(libc_a-fwalk.o)
                              C:/ST/STM32CubeIDE_1.17.0/STM32CubeIDE/plugins/com.st.stm32cube.ide.mcu.externaltools.gnu-tools-for-stm32.13.3.rel1.win32_1.0.0.202411081344/tools/bin/../lib/gcc/arm-none-eabi/13.3.1/../../../../arm-none-eabi/lib/thumb/v7e-m+fp/hard\libc_nano.a(libc_a-findfp.o) (_fwalk_sglue)
C:/ST/STM32CubeIDE_1.17.0/STM32CubeIDE/plugins/com.st.stm32cube.ide.mcu.externaltools.gnu-tools-for-stm32.13.3.rel1.win32_1.0.0.202411081344/tools/bin/../lib/gcc/arm-none-eabi/13.3.1/../../../../arm-none-eabi/lib/thumb/v7e-m+fp/hard\libc_nano.a(libc_a-snprintf.o)
                              ./Core/Src/main.o (snprintf)
C:/ST/STM32CubeIDE_1.17.0/STM32CubeIDE/plugins/com.st.stm32cube.ide.mcu.externaltools.gnu-tools-for-stm32.13.3.rel1.win32_1.0.0.202411081344/tools/bin/../lib/gcc/arm-none-eabi/13.3.1/../../../../arm-none-eabi/lib/thumb/v7e-m+fp/hard\libc_nano.a(libc_a-stdio.o)
                              C:/ST/STM32CubeIDE_1.17.0/STM32CubeIDE/plugins/com.st.stm32cube.ide.mcu.externaltools.gnu-tools-for-stm32.13.3.rel1.win32_1.0.0.202411081344/tools/bin/../lib/gcc/arm-none-eabi/13.3.1/../../../../arm-none-eabi/lib/thumb/v7e-m+fp/hard\libc_nano.a(libc_a-findfp.o) (__sread)
C:/ST/STM32CubeIDE_1.17.0/STM32CubeIDE/plugins/com.st.stm32cube.ide.mcu.externaltools.gnu-tools-for-stm32.13.3.rel1.win32_1.0.0.202411081344/tools/bin/../lib/gcc/arm-none-eabi/13.3.1/../../../../arm-none-eabi/lib/thumb/v7e-m+fp/hard\libc_nano.a(libc_a-memset.o)
                              C:/ST/STM32CubeIDE_1.17.0/STM32CubeIDE/plugins/com.st.stm32cube.ide.mcu.externaltools.gnu-tools-for-stm32.13.3.rel1.win32_1.0.0.202411081344/tools/bin/../lib/gcc/arm-none-eabi/13.3.1/../../../../arm-none-eabi/lib/thumb/v7e-m+fp/hard/crt0.o (memset)
C:/ST/STM32CubeIDE_1.17.0/STM32CubeIDE/plugins/com.st.stm32cube.ide.mcu.externaltools.gnu-tools-for-stm32.13.3.rel1.win32_1.0.0.202411081344/tools/bin/../lib/gcc/arm-none-eabi/13.3.1/../../../../arm-none-eabi/lib/thumb/v7e-m+fp/hard\libc_nano.a(libc_a-closer.o)
                              C:/ST/STM32CubeIDE_1.17.0/STM32CubeIDE/plugins/com.st.stm32cube.ide.mcu.externaltools.gnu-tools-for-stm32.13.3.rel1.win32_1.0.0.202411081344/tools/bin/../lib/gcc/arm-none-eabi/13.3.1/../../../../arm-none-eabi/lib/thumb/v7e-m+fp/hard\libc_nano.a(libc_a-stdio.o) (_close_r)
C:/ST/STM32CubeIDE_1.17.0/STM32CubeIDE/plugins/com.st.stm32cube.ide.mcu.externaltools.gnu-tools-for-stm32.13.3.rel1.win32_1.0.0.202411081344/tools/bin/../lib/gcc/arm-none-eabi/13.3.1/../../../../arm-none-eabi/lib/thumb/v7e-m+fp/hard\libc_nano.a(libc_a-reent.o)
                              C:/ST/STM32CubeIDE_1.17.0/STM32CubeIDE/plugins/com.st.stm32cube.ide.mcu.externaltools.gnu-tools-for-stm32.13.3.rel1.win32_1.0.0.202411081344/tools/bin/../lib/gcc/arm-none-eabi/13.3.1/../../../../arm-none-eabi/lib/thumb/v7e-m+fp/hard\libc_nano.a(libc_a-closer.o) (errno)
C:/ST/STM32CubeIDE_1.17.0/STM32CubeIDE/plugins/com.st.stm32cube.ide.mcu.externaltools.gnu-tools-for-stm32.13.3.rel1.win32_1.0.0.202411081344/tools/bin/../lib/gcc/arm-none-eabi/13.3.1/../../../../arm-none-eabi/lib/thumb/v7e-m+fp/hard\libc_nano.a(libc_a-impure.o)
                              C:/ST/STM32CubeIDE_1.17.0/STM32CubeIDE/plugins/com.st.stm32cube.ide.mcu.externaltools.gnu-tools-for-stm32.13.3.rel1.win32_1.0.0.202411081344/tools/bin/../lib/gcc/arm-none-eabi/13.3.1/../../../../arm-none-eabi/lib/thumb/v7e-m+fp/hard\libc_nano.a(libc_a-snprintf.o) (_impure_ptr)
[...]
Memory Configuration

Name             Origin             Length             Attributes
RAM              0x20000000         0x00050000         xrw
FLASH            0x08000000         0x00180000         xr
*default*        0x00000000         0xffffffff

Linker script and memory map

LOAD C:/ST/STM32CubeIDE_1.17.0/STM32CubeIDE/plugins/com.st.stm32cube.ide.mcu.externaltools.gnu-tools-for-stm32.13.3.rel1.win32_1.0.0.202411081344/tools/bin/../lib/gcc/arm-none-eabi/13.3.1/thumb/v7e-m+fp/hard/crti.o
LOAD C:/ST/STM32CubeIDE_1.17.0/STM32CubeIDE/plugins/com.st.stm32cube.ide.mcu.externaltools.gnu-tools-for-stm32.13.3.rel1.win32_1.0.0.202411081344/tools/bin/../lib/gcc/arm-none-eabi/13.3.1/thumb/v7e-m+fp/hard/crtbegin.o
LOAD C:/ST/STM32CubeIDE_1.17.0/STM32CubeIDE/plugins/com.st.stm32cube.ide.mcu.externaltools.gnu-tools-for-stm32.13.3.rel1.win32_1.0.0.202411081344/tools/bin/../lib/gcc/arm-none-eabi/13.3.1/../../../../arm-none-eabi/lib/thumb/v7e-m+fp/hard/crt0.o
LOAD ./Core/Src/can_manager.o
LOAD ./Core/Src/dtc_manager.o
LOAD ./Core/Src/eeprom_25lc256.o
LOAD ./Core/Src/freertos.o
LOAD ./Core/Src/main.o
LOAD ./Core/Src/mp5475gu_driver.o
LOAD ./Core/Src/stm32f4xx_hal_msp.o
LOAD ./Core/Src/stm32f4xx_it.o
LOAD ./Core/Src/syscalls.o
LOAD ./Core/Src/sysmem.o
LOAD ./Core/Src/system_stm32f4xx.o
LOAD ./Core/Startup/startup_stm32f413zhtx.o
LOAD ./Drivers/STM32F4xx_HAL_Driver/Src/stm32f4xx_hal.o
LOAD ./Drivers/STM32F4xx_HAL_Driver/Src/stm32f4xx_hal_adc.o
LOAD ./Drivers/STM32F4xx_HAL_Driver/Src/stm32f4xx_hal_adc_ex.o
LOAD ./Drivers/STM32F4xx_HAL_Driver/Src/stm32f4xx_hal_can.o
LOAD ./Drivers/STM32F4xx_HAL_Driver/Src/stm32f4xx_hal_cortex.o
LOAD ./Drivers/STM32F4xx_HAL_Driver/Src/stm32f4xx_hal_dma.o
LOAD ./Drivers/STM32F4xx_HAL_Driver/Src/stm32f4xx_hal_dma_ex.o
LOAD ./Drivers/STM32F4xx_HAL_Driver/Src/stm32f4xx_hal_exti.o
LOAD ./Drivers/STM32F4xx_HAL_Driver/Src/stm32f4xx_hal_flash.o
LOAD ./Drivers/STM32F4xx_HAL_Driver/Src/stm32f4xx_hal_flash_ex.o
LOAD ./Drivers/STM32F4xx_HAL_Driver/Src/stm32f4xx_hal_flash_ramfunc.o
LOAD ./Drivers/STM32F4xx_HAL_Driver/Src/stm32f4xx_hal_gpio.o
LOAD ./Drivers/STM32F4xx_HAL_Driver/Src/stm32f4xx_hal_i2c.o
LOAD ./Drivers/STM32F4xx_HAL_Driver/Src/stm32f4xx_hal_i2c_ex.o
LOAD ./Drivers/STM32F4xx_HAL_Driver/Src/stm32f4xx_hal_pwr.o
LOAD ./Drivers/STM32F4xx_HAL_Driver/Src/stm32f4xx_hal_pwr_ex.o
LOAD ./Drivers/STM32F4xx_HAL_Driver/Src/stm32f4xx_hal_rcc.o
LOAD ./Drivers/STM32F4xx_HAL_Driver/Src/stm32f4xx_hal_rcc_ex.o
LOAD ./Drivers/STM32F4xx_HAL_Driver/Src/stm32f4xx_hal_spi.o
LOAD ./Drivers/STM32F4xx_HAL_Driver/Src/stm32f4xx_hal_tim.o
LOAD ./Drivers/STM32F4xx_HAL_Driver/Src/stm32f4xx_hal_tim_ex.o
LOAD ./Drivers/STM32F4xx_HAL_Driver/Src/stm32f4xx_hal_uart.o
LOAD ./Drivers/STM32F4xx_HAL_Driver/Src/stm32f4xx_ll_adc.o
LOAD ./Middlewares/Third_Party/FreeRTOS/Source/CMSIS_RTOS_V2/cmsis_os2.o
LOAD ./Middlewares/Third_Party/FreeRTOS/Source/croutine.o
LOAD ./Middlewares/Third_Party/FreeRTOS/Source/event_groups.o
LOAD ./Middlewares/Third_Party/FreeRTOS/Source/list.o
LOAD ./Middlewares/Third_Party/FreeRTOS/Source/queue.o
LOAD ./Middlewares/Third_Party/FreeRTOS/Source/stream_buffer.o
LOAD ./Middlewares/Third_Party/FreeRTOS/Source/tasks.o
LOAD ./Middlewares/Third_Party/FreeRTOS/Source/timers.o
LOAD ./Middlewares/Third_Party/FreeRTOS/Source/portable/GCC/ARM_CM4F/port.o
LOAD ./Middlewares/Third_Party/FreeRTOS/Source/portable/MemMang/heap_4.o
START GROUP
LOAD C:/ST/STM32CubeIDE_1.17.0/STM32CubeIDE/plugins/com.st.stm32cube.ide.mcu.externaltools.gnu-tools-for-stm32.13.3.rel1.win32_1.0.0.202411081344/tools/bin/../lib/gcc/arm-none-eabi/13.3.1/../../../../arm-none-eabi/lib/thumb/v7e-m+fp/hard\libc_nano.a
LOAD C:/ST/STM32CubeIDE_1.17.0/STM32CubeIDE/plugins/com.st.stm32cube.ide.mcu.externaltools.gnu-tools-for-stm32.13.3.rel1.win32_1.0.0.202411081344/tools/bin/../lib/gcc/arm-none-eabi/13.3.1/../../../../arm-none-eabi/lib/thumb/v7e-m+fp/hard\libm.a
END GROUP
START GROUP
LOAD C:/ST/STM32CubeIDE_1.17.0/STM32CubeIDE/plugins/com.st.stm32cube.ide.mcu.externaltools.gnu-tools-for-stm32.13.3.rel1.win32_1.0.0.202411081344/tools/bin/../lib/gcc/arm-none-eabi/13.3.1/thumb/v7e-m+fp/hard\libgcc.a
LOAD C:/ST/STM32CubeIDE_1.17.0/STM32CubeIDE/plugins/com.st.stm32cube.ide.mcu.externaltools.gnu-tools-for-stm32.13.3.rel1.win32_1.0.0.202411081344/tools/bin/../lib/gcc/arm-none-eabi/13.3.1/../../../../arm-none-eabi/lib/thumb/v7e-m+fp/hard\libc_nano.a
END GROUP
START GROUP
LOAD C:/ST/STM32CubeIDE_1.17.0/STM32CubeIDE/plugins/com.st.stm32cube.ide.mcu.externaltools.gnu-tools-for-stm32.13.3.rel1.win32_1.0.0.202411081344/tools/bin/../lib/gcc/arm-none-eabi/13.3.1/thumb/v7e-m+fp/hard\libgcc.a
LOAD C:/ST/STM32CubeIDE_1.17.0/STM32CubeIDE/plugins/com.st.stm32cube.ide.mcu.externaltools.gnu-tools-for-stm32.13.3.rel1.win32_1.0.0.202411081344/tools/bin/../lib/gcc/arm-none-eabi/13.3.1/../../../../arm-none-eabi/lib/thumb/v7e-m+fp/hard\libc_nano.a
LOAD C:/ST/STM32CubeIDE_1.17.0/STM32CubeIDE/plugins/com.st.stm32cube.ide.mcu.externaltools.gnu-tools-for-stm32.13.3.rel1.win32_1.0.0.202411081344/tools/bin/../lib/gcc/arm-none-eabi/13.3.1/../../../../arm-none-eabi/lib/thumb/v7e-m+fp/hard\libnosys.a
END GROUP
START GROUP
LOAD C:/ST/STM32CubeIDE_1.17.0/STM32CubeIDE/plugins/com.st.stm32cube.ide.mcu.externaltools.gnu-tools-for-stm32.13.3.rel1.win32_1.0.0.202411081344/tools/bin/../lib/gcc/arm-none-eabi/13.3.1/thumb/v7e-m+fp/hard\libgcc.a
LOAD C:/ST/STM32CubeIDE_1.17.0/STM32CubeIDE/plugins/com.st.stm32cube.ide.mcu.externaltools.gnu-tools-for-stm32.13.3.rel1.win32_1.0.0.202411081344/tools/bin/../lib/gcc/arm-none-eabi/13.3.1/../../../../arm-none-eabi/lib/thumb/v7e-m+fp/hard\libc_nano.a
LOAD C:/ST/STM32CubeIDE_1.17.0/STM32CubeIDE/plugins/com.st.stm32cube.ide.mcu.externaltools.gnu-tools-for-stm32.13.3.rel1.win32_1.0.0.202411081344/tools/bin/../lib/gcc/arm-none-eabi/13.3.1/../../../../arm-none-eabi/lib/thumb/v7e-m+fp/hard\libnosys.a
END GROUP
LOAD C:/ST/STM32CubeIDE_1.17.0/STM32CubeIDE/plugins/com.st.stm32cube.ide.mcu.externaltools.gnu-tools-for-stm32.13.3.rel1.win32_1.0.0.202411081344/tools/bin/../lib/gcc/arm-none-eabi/13.3.1/thumb/v7e-m+fp/hard/crtend.o
LOAD C:/ST/STM32CubeIDE_1.17.0/STM32CubeIDE/plugins/com.st.stm32cube.ide.mcu.externaltools.gnu-tools-for-stm32.13.3.rel1.win32_1.0.0.202411081344/tools/bin/../lib/gcc/arm-none-eabi/13.3.1/thumb/v7e-m+fp/hard/crtn.o
                0x20050000                        _estack = (ORIGIN (RAM) + LENGTH (RAM))
                0x00000200                        _Min_Heap_Size = 0x200
                0x00000400                        _Min_Stack_Size = 0x400

.isr_vector     0x08000000      0x1d8
                0x08000000                        . = ALIGN (0x4)
 *(.isr_vector)
 .isr_vector    0x08000000      0x1d8 ./Core/Startup/startup_stm32f413zhtx.o
                0x08000000                g_pfnVectors
                0x080001d8                        . = ALIGN (0x4)

.text           0x080001e0     0xdbd8
                0x080001e0                        . = ALIGN (0x4)
 *(.text)
 .text          0x080001e0       0x40 C:/ST/STM32CubeIDE_1.17.0/STM32CubeIDE/plugins/com.st.stm32cube.ide.mcu.externaltools.gnu-tools-for-stm32.13.3.rel1.win32_1.0.0.202411081344/tools/bin/../lib/gcc/arm-none-eabi/13.3.1/thumb/v7e-m+fp/hard/crtbegin.o
 .text          0x08000220       0x10 C:/ST/STM32CubeIDE_1.17.0/STM32CubeIDE/plugins/com.st.stm32cube.ide.mcu.externaltools.gnu-tools-for-stm32.13.3.rel1.win32_1.0.0.202411081344/tools/bin/../lib/gcc/arm-none-eabi/13.3.1/../../../../arm-none-eabi/lib/thumb/v7e-m+fp/hard\libc_nano.a(libc_a-strlen.o)
                0x08000220                strlen
 .text          0x08000230       0xa0 C:/ST/STM32CubeIDE_1.17.0/STM32CubeIDE/plugins/com.st.stm32cube.ide.mcu.externaltools.gnu-tools-for-stm32.13.3.rel1.win32_1.0.0.202411081344/tools/bin/../lib/gcc/arm-none-eabi/13.3.1/../../../../arm-none-eabi/lib/thumb/v7e-m+fp/hard\libc_nano.a(libc_a-memchr.o)
                0x08000230                memchr
 .text          0x080002d0       0x30 C:/ST/STM32CubeIDE_1.17.0/STM32CubeIDE/plugins/com.st.stm32cube.ide.mcu.externaltools.gnu-tools-for-stm32.13.3.rel1.win32_1.0.0.202411081344/tools/bin/../lib/gcc/arm-none-eabi/13.3.1/thumb/v7e-m+fp/hard\libgcc.a(_aeabi_uldivmod.o)
                0x080002d0                __aeabi_uldivmod
 .text          0x08000300      0x2f8 C:/ST/STM32CubeIDE_1.17.0/STM32CubeIDE/plugins/com.st.stm32cube.ide.mcu.externaltools.gnu-tools-for-stm32.13.3.rel1.win32_1.0.0.202411081344/tools/bin/../lib/gcc/arm-none-eabi/13.3.1/thumb/v7e-m+fp/hard\libgcc.a(_udivmoddi4.o)
                0x08000300                __udivmoddi4
 .text          0x080005f8        0x4 C:/ST/STM32CubeIDE_1.17.0/STM32CubeIDE/plugins/com.st.stm32cube.ide.mcu.externaltools.gnu-tools-for-stm32.13.3.rel1.win32_1.0.0.202411081344/tools/bin/../lib/gcc/arm-none-eabi/13.3.1/thumb/v7e-m+fp/hard\libgcc.a(_dvmd_tls.o)
                0x080005f8                __aeabi_idiv0
                0x080005f8                __aeabi_ldiv0
 *(.text*)
 .text.CAN_Manager_Init
                0x080005fc       0xa0 ./Core/Src/can_manager.o
                0x080005fc                CAN_Manager_Init
 .text.CAN_Manager_Transmit_DTC
                0x0800069c       0x64 ./Core/Src/can_manager.o
                0x0800069c                CAN_Manager_Transmit_DTC
 .text.CAN_Manager_Get_Command
                0x08000700       0x18 ./Core/Src/can_manager.o
                0x08000700                CAN_Manager_Get_Command
 .text.CAN_Manager_Clear_Command
                0x08000718       0x18 ./Core/Src/can_manager.o
                0x08000718                CAN_Manager_Clear_Command
 .text.CAN_Send_Next_Frame
                0x08000730       0xdc ./Core/Src/can_manager.o
 .text.Process_CAN_Response
                0x0800080c       0x38 ./Core/Src/can_manager.o
 .text.HAL_CAN_TxMailbox0CompleteCallback
                0x08000844       0x24 ./Core/Src/can_manager.o
                0x08000844                HAL_CAN_TxMailbox0CompleteCallback
 .text.HAL_CAN_TxMailbox1CompleteCallback
                0x08000868       0x24 ./Core/Src/can_manager.o
                0x08000868                HAL_CAN_TxMailbox1CompleteCallback
 .text.HAL_CAN_TxMailbox2CompleteCallback
                0x0800088c       0x24 ./Core/Src/can_manager.o
                0x0800088c                HAL_CAN_TxMailbox2CompleteCallback
 .text.HAL_CAN_RxFifo0MsgPendingCallback
                0x080008b0       0x40 ./Core/Src/can_manager.o
                0x080008b0                HAL_CAN_RxFifo0MsgPendingCallback
 .text.DTC_Set  0x080008f0       0x38 ./Core/Src/dtc_manager.o
                0x080008f0                DTC_Set
 .text.DTC_Clear
                0x08000928       0x3c ./Core/Src/dtc_manager.o
                0x08000928                DTC_Clear
 .text.DTC_ClearAll
                0x08000964       0x18 ./Core/Src/dtc_manager.o
                0x08000964                DTC_ClearAll
 .text.DTC_GetStatusBitmask
                0x0800097c       0x18 ./Core/Src/dtc_manager.o
                0x0800097c                DTC_GetStatusBitmask
 .text.EEPROM_CS_Low
                0x08000994       0x20 ./Core/Src/eeprom_25lc256.o
 .text.EEPROM_CS_High
                0x080009b4       0x20 ./Core/Src/eeprom_25lc256.o
 .text.EEPROM_WriteEnable
                0x080009d4       0x30 ./Core/Src/eeprom_25lc256.o
 .text.EEPROM_WaitForWriteComplete
                0x08000a04       0x4c ./Core/Src/eeprom_25lc256.o
 .text.EEPROM_Init
                0x08000a50       0x38 ./Core/Src/eeprom_25lc256.o
                0x08000a50                EEPROM_Init
 .text.EEPROM_Read_DMA
                0x08000a88       0x8c ./Core/Src/eeprom_25lc256.o
                0x08000a88                EEPROM_Read_DMA
 .text.EEPROM_Write_DMA
                0x08000b14       0xd0 ./Core/Src/eeprom_25lc256.o
                0x08000b14                EEPROM_Write_DMA
 .text.HAL_SPI_TxCpltCallback
                0x08000be4       0x30 ./Core/Src/eeprom_25lc256.o
                0x08000be4                HAL_SPI_TxCpltCallback
 .text.HAL_SPI_RxCpltCallback
                0x08000c14       0x30 ./Core/Src/eeprom_25lc256.o
                0x08000c14                HAL_SPI_RxCpltCallback
 .text.main     0x08000c44      0x114 ./Core/Src/main.o
                0x08000c44                main
 .text.SystemClock_Config
                0x08000d58       0xbc ./Core/Src/main.o
                0x08000d58                SystemClock_Config
 .text.MX_ADC1_Init
                0x08000e14       0xa4 ./Core/Src/main.o
 .text.MX_CAN1_Init
                0x08000eb8       0x68 ./Core/Src/main.o
 .text.MX_I2C1_Init
                0x08000f20       0x5c ./Core/Src/main.o
 .text.MX_I2C2_Init
                0x08000f7c       0x5c ./Core/Src/main.o
 .text.MX_SPI1_Init
                0x08000fd8       0x6c ./Core/Src/main.o
 .text.MX_SPI2_Init
                0x08001044       0x6c ./Core/Src/main.o
 .text.MX_UART4_Init
                0x080010b0       0x54 ./Core/Src/main.o
 .text.MX_DMA_Init
                0x08001104       0xcc ./Core/Src/main.o
 .text.MX_GPIO_Init
                0x080011d0       0xf4 ./Core/Src/main.o
 .text.StartDefaultTask
                0x080012c4       0x10 ./Core/Src/main.o
                0x080012c4                StartDefaultTask
 .text.StartI2CTask
                0x080012d4       0xcc ./Core/Src/main.o
                0x080012d4                StartI2CTask
 .text.StartSPITask
                0x080013a0       0x50 ./Core/Src/main.o
                0x080013a0                StartSPITask
 .text.StartCANTask
                0x080013f0       0x60 ./Core/Src/main.o
                0x080013f0                StartCANTask
 .text.StartUARTTask
                0x08001450       0xe4 ./Core/Src/main.o
                0x08001450                StartUARTTask
 .text.Error_Handler
                0x08001534        0xc ./Core/Src/main.o
                0x08001534                Error_Handler
 .text.mp5475gu_init
                0x08001540       0x1c ./Core/Src/mp5475gu_driver.o
                0x08001540                mp5475gu_init
 .text.mp5475gu_set_vout
                0x0800155c      0x100 ./Core/Src/mp5475gu_driver.o
                0x0800155c                mp5475gu_set_vout
 .text.mp5475gu_read_uv_status
                0x0800165c       0x50 ./Core/Src/mp5475gu_driver.o
                0x0800165c                mp5475gu_read_uv_status
 .text.HAL_I2C_MemTxCpltCallback
                0x080016ac       0x20 ./Core/Src/mp5475gu_driver.o
                0x080016ac                HAL_I2C_MemTxCpltCallback
 .text.HAL_I2C_MemRxCpltCallback
                0x080016cc       0x20 ./Core/Src/mp5475gu_driver.o
                0x080016cc                HAL_I2C_MemRxCpltCallback
 .text.HAL_I2C_ErrorCallback
                0x080016ec       0x20 ./Core/Src/mp5475gu_driver.o
                0x080016ec                HAL_I2C_ErrorCallback
 .text.HAL_MspInit
                0x0800170c       0x58 ./Core/Src/stm32f4xx_hal_msp.o
                0x0800170c                HAL_MspInit
 .text.HAL_ADC_MspInit
                0x08001764       0x88 ./Core/Src/stm32f4xx_hal_msp.o
                0x08001764                HAL_ADC_MspInit
 .text.HAL_CAN_MspInit
                0x080017ec       0xb0 ./Core/Src/stm32f4xx_hal_msp.o
                0x080017ec                HAL_CAN_MspInit
 .text.HAL_I2C_MspInit
                0x0800189c      0x2c4 ./Core/Src/stm32f4xx_hal_msp.o
                0x0800189c                HAL_I2C_MspInit
 .text.HAL_SPI_MspInit
                0x08001b60      0x2f4 ./Core/Src/stm32f4xx_hal_msp.o
                0x08001b60                HAL_SPI_MspInit
 .text.HAL_UART_MspInit
                0x08001e54       0xc0 ./Core/Src/stm32f4xx_hal_msp.o
                0x08001e54                HAL_UART_MspInit
 .text.NMI_Handler
                0x08001f14        0x8 ./Core/Src/stm32f4xx_it.o
                0x08001f14                NMI_Handler
 .text.HardFault_Handler
                0x08001f1c        0x8 ./Core/Src/stm32f4xx_it.o
                0x08001f1c                HardFault_Handler
 .text.MemManage_Handler
                0x08001f24        0x8 ./Core/Src/stm32f4xx_it.o
                0x08001f24                MemManage_Handler
 .text.BusFault_Handler
                0x08001f2c        0x8 ./Core/Src/stm32f4xx_it.o
                0x08001f2c                BusFault_Handler
 .text.UsageFault_Handler
                0x08001f34        0x8 ./Core/Src/stm32f4xx_it.o
                0x08001f34                UsageFault_Handler
 .text.DebugMon_Handler
                0x08001f3c        0xe ./Core/Src/stm32f4xx_it.o
                0x08001f3c                DebugMon_Handler
 .text.SysTick_Handler
                0x08001f4a       0x1a ./Core/Src/stm32f4xx_it.o
                0x08001f4a                SysTick_Handler
 .text.DMA1_Stream0_IRQHandler
                0x08001f64       0x14 ./Core/Src/stm32f4xx_it.o
                0x08001f64                DMA1_Stream0_IRQHandler
 .text.DMA1_Stream2_IRQHandler
                0x08001f78       0x14 ./Core/Src/stm32f4xx_it.o
                0x08001f78                DMA1_Stream2_IRQHandler
 .text.DMA1_Stream3_IRQHandler
                0x08001f8c       0x14 ./Core/Src/stm32f4xx_it.o
                0x08001f8c                DMA1_Stream3_IRQHandler
 .text.DMA1_Stream4_IRQHandler
                0x08001fa0       0x14 ./Core/Src/stm32f4xx_it.o
                0x08001fa0                DMA1_Stream4_IRQHandler
 .text.DMA1_Stream6_IRQHandler
                0x08001fb4       0x14 ./Core/Src/stm32f4xx_it.o
                0x08001fb4                DMA1_Stream6_IRQHandler
 .text.CAN1_TX_IRQHandler
                0x08001fc8       0x14 ./Core/Src/stm32f4xx_it.o
                0x08001fc8                CAN1_TX_IRQHandler
 .text.CAN1_RX0_IRQHandler
                0x08001fdc       0x14 ./Core/Src/stm32f4xx_it.o
                0x08001fdc                CAN1_RX0_IRQHandler
 .text.I2C1_EV_IRQHandler
                0x08001ff0       0x14 ./Core/Src/stm32f4xx_it.o
                0x08001ff0                I2C1_EV_IRQHandler
 .text.I2C1_ER_IRQHandler
                0x08002004       0x14 ./Core/Src/stm32f4xx_it.o
                0x08002004                I2C1_ER_IRQHandler
 .text.I2C2_EV_IRQHandler
                0x08002018       0x14 ./Core/Src/stm32f4xx_it.o
                0x08002018                I2C2_EV_IRQHandler
 .text.SPI1_IRQHandler
                0x0800202c       0x14 ./Core/Src/stm32f4xx_it.o
                0x0800202c                SPI1_IRQHandler
 .text.SPI2_IRQHandler
                0x08002040       0x14 ./Core/Src/stm32f4xx_it.o
                0x08002040                SPI2_IRQHandler
 .text.DMA1_Stream7_IRQHandler
                0x08002054       0x14 ./Core/Src/stm32f4xx_it.o
                0x08002054                DMA1_Stream7_IRQHandler
 .text.UART4_IRQHandler
                0x08002068       0x14 ./Core/Src/stm32f4xx_it.o
                0x08002068                UART4_IRQHandler
 .text.DMA2_Stream0_IRQHandler
                0x0800207c       0x14 ./Core/Src/stm32f4xx_it.o
                0x0800207c                DMA2_Stream0_IRQHandler
 .text.DMA2_Stream3_IRQHandler
                0x08002090       0x14 ./Core/Src/stm32f4xx_it.o
                0x08002090                DMA2_Stream3_IRQHandler
 .text._sbrk    0x080020a4       0x6c ./Core/Src/sysmem.o
                0x080020a4                _sbrk
 .text.SystemInit
                0x08002110       0x24 ./Core/Src/system_stm32f4xx.o
                0x08002110                SystemInit
 .text.Reset_Handler
                0x08002134       0x50 ./Core/Startup/startup_stm32f413zhtx.o
                0x08002134                Reset_Handler
 .text.Default_Handler
                0x08002184        0x2 ./Core/Startup/startup_stm32f413zhtx.o
                0x08002184                RTC_Alarm_IRQHandler
                0x08002184                EXTI2_IRQHandler
                0x08002184                TIM8_CC_IRQHandler
                0x08002184                UART8_IRQHandler
                0x08002184                FMPI2C1_EV_IRQHandler
                0x08002184                SPI4_IRQHandler
                0x08002184                TIM1_CC_IRQHandler
                0x08002184                DMA2_Stream5_IRQHandler
                0x08002184                DMA1_Stream5_IRQHandler
                0x08002184                CAN3_RX1_IRQHandler
                0x08002184                PVD_IRQHandler
                0x08002184                SDIO_IRQHandler
                0x08002184                TAMP_STAMP_IRQHandler
                0x08002184                CAN2_RX1_IRQHandler
                0x08002184                EXTI3_IRQHandler
                0x08002184                TIM8_TRG_COM_TIM14_IRQHandler
                0x08002184                DFSDM1_FLT1_IRQHandler
                0x08002184                TIM1_UP_TIM10_IRQHandler
                0x08002184                TIM8_UP_TIM13_IRQHandler
                0x08002184                I2C3_ER_IRQHandler
                0x08002184                EXTI0_IRQHandler
                0x08002184                FPU_IRQHandler
                0x08002184                CAN3_SCE_IRQHandler
                0x08002184                CAN2_SCE_IRQHandler
                0x08002184                DMA2_Stream2_IRQHandler
                0x08002184                TIM6_DAC_IRQHandler
                0x08002184                TIM1_BRK_TIM9_IRQHandler
                0x08002184                CAN2_RX0_IRQHandler
                0x08002184                USART6_IRQHandler
                0x08002184                CAN3_RX0_IRQHandler
                0x08002184                USART3_IRQHandler
                0x08002184                DFSDM2_FLT3_IRQHandler
                0x08002184                CAN1_RX1_IRQHandler
                0x08002184                UART5_IRQHandler
                0x08002184                TIM4_IRQHandler
                0x08002184                QUADSPI_IRQHandler
                0x08002184                DMA1_Stream1_IRQHandler
                0x08002184                TIM3_IRQHandler
                0x08002184                RCC_IRQHandler
                0x08002184                UART9_IRQHandler
                0x08002184                TIM8_BRK_TIM12_IRQHandler
                0x08002184                Default_Handler
                0x08002184                EXTI15_10_IRQHandler
                0x08002184                ADC_IRQHandler
                0x08002184                DFSDM2_FLT0_IRQHandler
                0x08002184                SPI5_IRQHandler
                0x08002184                TIM7_IRQHandler
                0x08002184                CAN2_TX_IRQHandler
                0x08002184                TIM5_IRQHandler
                0x08002184                DMA2_Stream7_IRQHandler
                0x08002184                I2C3_EV_IRQHandler
                0x08002184                DFSDM2_FLT2_IRQHandler
                0x08002184                EXTI9_5_IRQHandler
                0x08002184                RTC_WKUP_IRQHandler
                0x08002184                FMPI2C1_ER_IRQHandler
                0x08002184                EXTI4_IRQHandler
                0x08002184                DFSDM2_FLT1_IRQHandler
                0x08002184                RNG_IRQHandler
                0x08002184                FSMC_IRQHandler
                0x08002184                WWDG_IRQHandler
                0x08002184                CAN3_TX_IRQHandler
                0x08002184                TIM2_IRQHandler
                0x08002184                OTG_FS_WKUP_IRQHandler
                0x08002184                TIM1_TRG_COM_TIM11_IRQHandler
                0x08002184                EXTI1_IRQHandler
                0x08002184                UART7_IRQHandler
                0x08002184                USART2_IRQHandler
                0x08002184                DFSDM1_FLT0_IRQHandler
                0x08002184                I2C2_ER_IRQHandler
                0x08002184                DMA2_Stream1_IRQHandler
                0x08002184                CAN1_SCE_IRQHandler
                0x08002184                FLASH_IRQHandler
                0x08002184                DMA2_Stream4_IRQHandler
                0x08002184                USART1_IRQHandler
                0x08002184                OTG_FS_IRQHandler
                0x08002184                SPI3_IRQHandler
                0x08002184                LPTIM1_IRQHandler
                0x08002184                DMA2_Stream6_IRQHandler
                0x08002184                UART10_IRQHandler
                0x08002184                SAI1_IRQHandler
 *fill*         0x08002186        0x2 
 .text.HAL_Init
                0x08002188       0x44 ./Drivers/STM32F4xx_HAL_Driver/Src/stm32f4xx_hal.o
                0x08002188                HAL_Init
 .text.HAL_InitTick
                0x080021cc       0x60 ./Drivers/STM32F4xx_HAL_Driver/Src/stm32f4xx_hal.o
                0x080021cc                HAL_InitTick
 .text.HAL_IncTick
                0x0800222c       0x28 ./Drivers/STM32F4xx_HAL_Driver/Src/stm32f4xx_hal.o
                0x0800222c                HAL_IncTick
 .text.HAL_GetTick
                0x08002254       0x18 ./Drivers/STM32F4xx_HAL_Driver/Src/stm32f4xx_hal.o
                0x08002254                HAL_GetTick
 .text.HAL_ADC_Init
                0x0800226c       0x86 ./Drivers/STM32F4xx_HAL_Driver/Src/stm32f4xx_hal_adc.o
                0x0800226c                HAL_ADC_Init
 *fill*         0x080022f2        0x2 
 .text.HAL_ADC_ConfigChannel
                0x080022f4      0x264 ./Drivers/STM32F4xx_HAL_Driver/Src/stm32f4xx_hal_adc.o
                0x080022f4                HAL_ADC_ConfigChannel
 .text.ADC_Init
                0x08002558      0x1f8 ./Drivers/STM32F4xx_HAL_Driver/Src/stm32f4xx_hal_adc.o
 .text.HAL_CAN_Init
                0x08002750      0x1f6 ./Drivers/STM32F4xx_HAL_Driver/Src/stm32f4xx_hal_can.o
                0x08002750                HAL_CAN_Init
 *fill*         0x08002946        0x2 
 .text.HAL_CAN_ConfigFilter
                0x08002948      0x1d8 ./Drivers/STM32F4xx_HAL_Driver/Src/stm32f4xx_hal_can.o
                0x08002948                HAL_CAN_ConfigFilter
 .text.HAL_CAN_Start
                0x08002b20       0x88 ./Drivers/STM32F4xx_HAL_Driver/Src/stm32f4xx_hal_can.o
                0x08002b20                HAL_CAN_Start
 .text.HAL_CAN_AddTxMessage
                0x08002ba8      0x1b6 ./Drivers/STM32F4xx_HAL_Driver/Src/stm32f4xx_hal_can.o
                0x08002ba8                HAL_CAN_AddTxMessage
 .text.HAL_CAN_GetRxMessage
                0x08002d5e      0x224 ./Drivers/STM32F4xx_HAL_Driver/Src/stm32f4xx_hal_can.o
                0x08002d5e                HAL_CAN_GetRxMessage
 .text.HAL_CAN_ActivateNotification
                0x08002f82       0x4c ./Drivers/STM32F4xx_HAL_Driver/Src/stm32f4xx_hal_can.o
                0x08002f82                HAL_CAN_ActivateNotification
 .text.HAL_CAN_IRQHandler
                0x08002fce      0x36e ./Drivers/STM32F4xx_HAL_Driver/Src/stm32f4xx_hal_can.o
                0x08002fce                HAL_CAN_IRQHandler
 .text.HAL_CAN_TxMailbox0AbortCallback
                0x0800333c       0x14 ./Drivers/STM32F4xx_HAL_Driver/Src/stm32f4xx_hal_can.o
                0x0800333c                HAL_CAN_TxMailbox0AbortCallback
 .text.HAL_CAN_TxMailbox1AbortCallback
                0x08003350       0x14 ./Drivers/STM32F4xx_HAL_Driver/Src/stm32f4xx_hal_can.o
                0x08003350                HAL_CAN_TxMailbox1AbortCallback
 .text.HAL_CAN_TxMailbox2AbortCallback
                0x08003364       0x14 ./Drivers/STM32F4xx_HAL_Driver/Src/stm32f4xx_hal_can.o
                0x08003364                HAL_CAN_TxMailbox2AbortCallback
 .text.HAL_CAN_RxFifo0FullCallback
                0x08003378       0x14 ./Drivers/STM32F4xx_HAL_Driver/Src/stm32f4xx_hal_can.o
                0x08003378                HAL_CAN_RxFifo0FullCallback
 .text.HAL_CAN_RxFifo1MsgPendingCallback
                0x0800338c       0x14 ./Drivers/STM32F4xx_HAL_Driver/Src/stm32f4xx_hal_can.o
                0x0800338c                HAL_CAN_RxFifo1MsgPendingCallback
 .text.HAL_CAN_RxFifo1FullCallback
                0x080033a0       0x14 ./Drivers/STM32F4xx_HAL_Driver/Src/stm32f4xx_hal_can.o
                0x080033a0                HAL_CAN_RxFifo1FullCallback
 .text.HAL_CAN_SleepCallback
                0x080033b4       0x14 ./Drivers/STM32F4xx_HAL_Driver/Src/stm32f4xx_hal_can.o
                0x080033b4                HAL_CAN_SleepCallback
 .text.HAL_CAN_WakeUpFromRxMsgCallback
                0x080033c8       0x14 ./Drivers/STM32F4xx_HAL_Driver/Src/stm32f4xx_hal_can.o
                0x080033c8                HAL_CAN_WakeUpFromRxMsgCallback
 .text.HAL_CAN_ErrorCallback
                0x080033dc       0x14 ./Drivers/STM32F4xx_HAL_Driver/Src/stm32f4xx_hal_can.o
                0x080033dc                HAL_CAN_ErrorCallback
 .text.__NVIC_SetPriorityGrouping
                0x080033f0       0x48 ./Drivers/STM32F4xx_HAL_Driver/Src/stm32f4xx_hal_cortex.o
 .text.__NVIC_GetPriorityGrouping
                0x08003438       0x1c ./Drivers/STM32F4xx_HAL_Driver/Src/stm32f4xx_hal_cortex.o
 .text.__NVIC_EnableIRQ
                0x08003454       0x3c ./Drivers/STM32F4xx_HAL_Driver/Src/stm32f4xx_hal_cortex.o
 .text.__NVIC_SetPriority
                0x08003490       0x54 ./Drivers/STM32F4xx_HAL_Driver/Src/stm32f4xx_hal_cortex.o
 .text.NVIC_EncodePriority
                0x080034e4       0x66 ./Drivers/STM32F4xx_HAL_Driver/Src/stm32f4xx_hal_cortex.o
 *fill*         0x0800354a        0x2 
 .text.SysTick_Config
                0x0800354c       0x44 ./Drivers/STM32F4xx_HAL_Driver/Src/stm32f4xx_hal_cortex.o
 .text.HAL_NVIC_SetPriorityGrouping
                0x08003590       0x16 ./Drivers/STM32F4xx_HAL_Driver/Src/stm32f4xx_hal_cortex.o
                0x08003590                HAL_NVIC_SetPriorityGrouping
 .text.HAL_NVIC_SetPriority
                0x080035a6       0x38 ./Drivers/STM32F4xx_HAL_Driver/Src/stm32f4xx_hal_cortex.o
                0x080035a6                HAL_NVIC_SetPriority
 .text.HAL_NVIC_EnableIRQ
                0x080035de       0x1c ./Drivers/STM32F4xx_HAL_Driver/Src/stm32f4xx_hal_cortex.o
                0x080035de                HAL_NVIC_EnableIRQ
 .text.HAL_SYSTICK_Config
                0x080035fa       0x18 ./Drivers/STM32F4xx_HAL_Driver/Src/stm32f4xx_hal_cortex.o
                0x080035fa                HAL_SYSTICK_Config
 *fill*         0x08003612        0x2 
 .text.HAL_DMA_Init
                0x08003614      0x15c ./Drivers/STM32F4xx_HAL_Driver/Src/stm32f4xx_hal_dma.o
                0x08003614                HAL_DMA_Init
 .text.HAL_DMA_Start_IT
                0x08003770       0xb0 ./Drivers/STM32F4xx_HAL_Driver/Src/stm32f4xx_hal_dma.o
                0x08003770                HAL_DMA_Start_IT
 .text.HAL_DMA_Abort
                0x08003820       0xe0 ./Drivers/STM32F4xx_HAL_Driver/Src/stm32f4xx_hal_dma.o
                0x08003820                HAL_DMA_Abort
 .text.HAL_DMA_Abort_IT
                0x08003900       0x44 ./Drivers/STM32F4xx_HAL_Driver/Src/stm32f4xx_hal_dma.o
                0x08003900                HAL_DMA_Abort_IT
 .text.HAL_DMA_IRQHandler
                0x08003944      0x314 ./Drivers/STM32F4xx_HAL_Driver/Src/stm32f4xx_hal_dma.o
                0x08003944                HAL_DMA_IRQHandler
 .text.HAL_DMA_GetState
                0x08003c58       0x1c ./Drivers/STM32F4xx_HAL_Driver/Src/stm32f4xx_hal_dma.o
                0x08003c58                HAL_DMA_GetState
 .text.HAL_DMA_GetError
                0x08003c74       0x18 ./Drivers/STM32F4xx_HAL_Driver/Src/stm32f4xx_hal_dma.o
                0x08003c74                HAL_DMA_GetError
 .text.DMA_SetConfig
                0x08003c8c       0x5c ./Drivers/STM32F4xx_HAL_Driver/Src/stm32f4xx_hal_dma.o
 .text.DMA_CalcBaseAndBitshift
                0x08003ce8       0x6c ./Drivers/STM32F4xx_HAL_Driver/Src/stm32f4xx_hal_dma.o
 .text.DMA_CheckFifoParam
                0x08003d54       0xf8 ./Drivers/STM32F4xx_HAL_Driver/Src/stm32f4xx_hal_dma.o
 .text.HAL_GPIO_Init
                0x08003e4c      0x328 ./Drivers/STM32F4xx_HAL_Driver/Src/stm32f4xx_hal_gpio.o
                0x08003e4c                HAL_GPIO_Init
 .text.HAL_GPIO_WritePin
                0x08004174       0x32 ./Drivers/STM32F4xx_HAL_Driver/Src/stm32f4xx_hal_gpio.o
                0x08004174                HAL_GPIO_WritePin
 *fill*         0x080041a6        0x2 
 .text.HAL_I2C_Init
                0x080041a8      0x288 ./Drivers/STM32F4xx_HAL_Driver/Src/stm32f4xx_hal_i2c.o
                0x080041a8                HAL_I2C_Init
 .text.HAL_I2C_Mem_Write_DMA
                0x08004430      0x2c8 ./Drivers/STM32F4xx_HAL_Driver/Src/stm32f4xx_hal_i2c.o
                0x08004430                HAL_I2C_Mem_Write_DMA
 .text.HAL_I2C_Mem_Read_DMA
                0x080046f8      0x328 ./Drivers/STM32F4xx_HAL_Driver/Src/stm32f4xx_hal_i2c.o
                0x080046f8                HAL_I2C_Mem_Read_DMA
 .text.HAL_I2C_EV_IRQHandler
                0x08004a20      0x2e2 ./Drivers/STM32F4xx_HAL_Driver/Src/stm32f4xx_hal_i2c.o
                0x08004a20                HAL_I2C_EV_IRQHandler
 .text.HAL_I2C_ER_IRQHandler
                0x08004d02      0x14e ./Drivers/STM32F4xx_HAL_Driver/Src/stm32f4xx_hal_i2c.o
                0x08004d02                HAL_I2C_ER_IRQHandler
 .text.HAL_I2C_MasterTxCpltCallback
                0x08004e50       0x14 ./Drivers/STM32F4xx_HAL_Driver/Src/stm32f4xx_hal_i2c.o
                0x08004e50                HAL_I2C_MasterTxCpltCallback
 .text.HAL_I2C_MasterRxCpltCallback
                0x08004e64       0x14 ./Drivers/STM32F4xx_HAL_Driver/Src/stm32f4xx_hal_i2c.o
                0x08004e64                HAL_I2C_MasterRxCpltCallback
 .text.HAL_I2C_SlaveTxCpltCallback
                0x08004e78       0x14 ./Drivers/STM32F4xx_HAL_Driver/Src/stm32f4xx_hal_i2c.o
                0x08004e78                HAL_I2C_SlaveTxCpltCallback
 .text.HAL_I2C_SlaveRxCpltCallback
                0x08004e8c       0x14 ./Drivers/STM32F4xx_HAL_Driver/Src/stm32f4xx_hal_i2c.o
                0x08004e8c                HAL_I2C_SlaveRxCpltCallback
 .text.HAL_I2C_AddrCallback
                0x08004ea0       0x1c ./Drivers/STM32F4xx_HAL_Driver/Src/stm32f4xx_hal_i2c.o
                0x08004ea0                HAL_I2C_AddrCallback
 .text.HAL_I2C_ListenCpltCallback
                0x08004ebc       0x14 ./Drivers/STM32F4xx_HAL_Driver/Src/stm32f4xx_hal_i2c.o
                0x08004ebc                HAL_I2C_ListenCpltCallback
 .text.HAL_I2C_AbortCpltCallback
                0x08004ed0       0x14 ./Drivers/STM32F4xx_HAL_Driver/Src/stm32f4xx_hal_i2c.o
                0x08004ed0                HAL_I2C_AbortCpltCallback
 .text.I2C_MasterTransmit_TXE
                0x08004ee4      0x138 ./Drivers/STM32F4xx_HAL_Driver/Src/stm32f4xx_hal_i2c.o
 .text.I2C_MasterTransmit_BTF
                0x0800501c       0xec ./Drivers/STM32F4xx_HAL_Driver/Src/stm32f4xx_hal_i2c.o
 .text.I2C_MemoryTransmit_TXE_BTF
                0x08005108      0x128 ./Drivers/STM32F4xx_HAL_Driver/Src/stm32f4xx_hal_i2c.o
 .text.I2C_MasterReceive_RXNE
                0x08005230      0x162 ./Drivers/STM32F4xx_HAL_Driver/Src/stm32f4xx_hal_i2c.o
 .text.I2C_MasterReceive_BTF
                0x08005392      0x1d4 ./Drivers/STM32F4xx_HAL_Driver/Src/stm32f4xx_hal_i2c.o
 .text.I2C_Master_SB
                0x08005566      0x10c ./Drivers/STM32F4xx_HAL_Driver/Src/stm32f4xx_hal_i2c.o
 .text.I2C_Master_ADD10
                0x08005672       0x54 ./Drivers/STM32F4xx_HAL_Driver/Src/stm32f4xx_hal_i2c.o
 .text.I2C_Master_ADDR
                0x080056c6      0x322 ./Drivers/STM32F4xx_HAL_Driver/Src/stm32f4xx_hal_i2c.o
 .text.I2C_SlaveTransmit_TXE
                0x080059e8       0x7a ./Drivers/STM32F4xx_HAL_Driver/Src/stm32f4xx_hal_i2c.o
 .text.I2C_SlaveTransmit_BTF
                0x08005a62       0x42 ./Drivers/STM32F4xx_HAL_Driver/Src/stm32f4xx_hal_i2c.o
 .text.I2C_SlaveReceive_RXNE
                0x08005aa4       0x7c ./Drivers/STM32F4xx_HAL_Driver/Src/stm32f4xx_hal_i2c.o
 .text.I2C_SlaveReceive_BTF
                0x08005b20       0x44 ./Drivers/STM32F4xx_HAL_Driver/Src/stm32f4xx_hal_i2c.o
 .text.I2C_Slave_ADDR
                0x08005b64       0x94 ./Drivers/STM32F4xx_HAL_Driver/Src/stm32f4xx_hal_i2c.o
 .text.I2C_Slave_STOPF
                0x08005bf8      0x260 ./Drivers/STM32F4xx_HAL_Driver/Src/stm32f4xx_hal_i2c.o
 .text.I2C_Slave_AF
                0x08005e58       0xe0 ./Drivers/STM32F4xx_HAL_Driver/Src/stm32f4xx_hal_i2c.o
 .text.I2C_ITError
                0x08005f38      0x264 ./Drivers/STM32F4xx_HAL_Driver/Src/stm32f4xx_hal_i2c.o
 .text.I2C_RequestMemoryWrite
                0x0800619c      0x12c ./Drivers/STM32F4xx_HAL_Driver/Src/stm32f4xx_hal_i2c.o
 .text.I2C_RequestMemoryRead
                0x080062c8      0x1d0 ./Drivers/STM32F4xx_HAL_Driver/Src/stm32f4xx_hal_i2c.o
 .text.I2C_DMAXferCplt
                0x08006498      0x1aa ./Drivers/STM32F4xx_HAL_Driver/Src/stm32f4xx_hal_i2c.o
 .text.I2C_DMAError
                0x08006642       0x7a ./Drivers/STM32F4xx_HAL_Driver/Src/stm32f4xx_hal_i2c.o
 .text.I2C_DMAAbort
                0x080066bc      0x150 ./Drivers/STM32F4xx_HAL_Driver/Src/stm32f4xx_hal_i2c.o
 .text.I2C_WaitOnFlagUntilTimeout
                0x0800680c       0xae ./Drivers/STM32F4xx_HAL_Driver/Src/stm32f4xx_hal_i2c.o
 .text.I2C_WaitOnMasterAddressFlagUntilTimeout
                0x080068ba       0xfe ./Drivers/STM32F4xx_HAL_Driver/Src/stm32f4xx_hal_i2c.o
 .text.I2C_WaitOnTXEFlagUntilTimeout
                0x080069b8       0x82 ./Drivers/STM32F4xx_HAL_Driver/Src/stm32f4xx_hal_i2c.o
 *fill*         0x08006a3a        0x2 
 .text.I2C_WaitOnSTOPRequestThroughIT
                0x08006a3c       0x64 ./Drivers/STM32F4xx_HAL_Driver/Src/stm32f4xx_hal_i2c.o
 .text.I2C_IsAcknowledgeFailed
                0x08006aa0       0x5e ./Drivers/STM32F4xx_HAL_Driver/Src/stm32f4xx_hal_i2c.o
 .text.I2C_ConvertOtherXferOptions
                0x08006afe       0x36 ./Drivers/STM32F4xx_HAL_Driver/Src/stm32f4xx_hal_i2c.o
 .text.HAL_RCC_ClockConfig
                0x08006b34      0x1cc ./Drivers/STM32F4xx_HAL_Driver/Src/stm32f4xx_hal_rcc.o
                0x08006b34                HAL_RCC_ClockConfig
 .text.HAL_RCC_GetSysClockFreq
                0x08006d00      0x18c ./Drivers/STM32F4xx_HAL_Driver/Src/stm32f4xx_hal_rcc.o
                0x08006d00                HAL_RCC_GetSysClockFreq
 .text.HAL_RCC_GetHCLKFreq
                0x08006e8c       0x18 ./Drivers/STM32F4xx_HAL_Driver/Src/stm32f4xx_hal_rcc.o
                0x08006e8c                HAL_RCC_GetHCLKFreq
 .text.HAL_RCC_GetPCLK1Freq
                0x08006ea4       0x28 ./Drivers/STM32F4xx_HAL_Driver/Src/stm32f4xx_hal_rcc.o
                0x08006ea4                HAL_RCC_GetPCLK1Freq
 .text.HAL_RCC_GetPCLK2Freq
                0x08006ecc       0x28 ./Drivers/STM32F4xx_HAL_Driver/Src/stm32f4xx_hal_rcc.o
                0x08006ecc                HAL_RCC_GetPCLK2Freq
 .text.HAL_RCC_OscConfig
                0x08006ef4      0x508 ./Drivers/STM32F4xx_HAL_Driver/Src/stm32f4xx_hal_rcc_ex.o
                0x08006ef4                HAL_RCC_OscConfig
 .text.HAL_SPI_Init
                0x080073fc      0x112 ./Drivers/STM32F4xx_HAL_Driver/Src/stm32f4xx_hal_spi.o
                0x080073fc                HAL_SPI_Init
 .text.HAL_SPI_Transmit
                0x0800750e      0x278 ./Drivers/STM32F4xx_HAL_Driver/Src/stm32f4xx_hal_spi.o
                0x0800750e                HAL_SPI_Transmit
 .text.HAL_SPI_Receive
                0x08007786      0x222 ./Drivers/STM32F4xx_HAL_Driver/Src/stm32f4xx_hal_spi.o
                0x08007786                HAL_SPI_Receive
 .text.HAL_SPI_TransmitReceive
                0x080079a8      0x344 ./Drivers/STM32F4xx_HAL_Driver/Src/stm32f4xx_hal_spi.o
                0x080079a8                HAL_SPI_TransmitReceive
 .text.HAL_SPI_Transmit_DMA
                0x08007cec      0x16c ./Drivers/STM32F4xx_HAL_Driver/Src/stm32f4xx_hal_spi.o
                0x08007cec                HAL_SPI_Transmit_DMA
 .text.HAL_SPI_Receive_DMA
                0x08007e58      0x190 ./Drivers/STM32F4xx_HAL_Driver/Src/stm32f4xx_hal_spi.o
                0x08007e58                HAL_SPI_Receive_DMA
 .text.HAL_SPI_TransmitReceive_DMA
                0x08007fe8      0x204 ./Drivers/STM32F4xx_HAL_Driver/Src/stm32f4xx_hal_spi.o
                0x08007fe8                HAL_SPI_TransmitReceive_DMA
 .text.HAL_SPI_IRQHandler
                0x080081ec      0x200 ./Drivers/STM32F4xx_HAL_Driver/Src/stm32f4xx_hal_spi.o
                0x080081ec                HAL_SPI_IRQHandler
 .text.HAL_SPI_TxRxCpltCallback
                0x080083ec       0x14 ./Drivers/STM32F4xx_HAL_Driver/Src/stm32f4xx_hal_spi.o
                0x080083ec                HAL_SPI_TxRxCpltCallback
 .text.HAL_SPI_TxHalfCpltCallback
                0x08008400       0x14 ./Drivers/STM32F4xx_HAL_Driver/Src/stm32f4xx_hal_spi.o
                0x08008400                HAL_SPI_TxHalfCpltCallback
 .text.HAL_SPI_RxHalfCpltCallback
                0x08008414       0x14 ./Drivers/STM32F4xx_HAL_Driver/Src/stm32f4xx_hal_spi.o
                0x08008414                HAL_SPI_RxHalfCpltCallback
 .text.HAL_SPI_TxRxHalfCpltCallback
                0x08008428       0x14 ./Drivers/STM32F4xx_HAL_Driver/Src/stm32f4xx_hal_spi.o
                0x08008428                HAL_SPI_TxRxHalfCpltCallback
 .text.HAL_SPI_ErrorCallback
                0x0800843c       0x14 ./Drivers/STM32F4xx_HAL_Driver/Src/stm32f4xx_hal_spi.o
                0x0800843c                HAL_SPI_ErrorCallback
 .text.SPI_DMATransmitCplt
                0x08008450       0xa8 ./Drivers/STM32F4xx_HAL_Driver/Src/stm32f4xx_hal_spi.o
 .text.SPI_DMAReceiveCplt
                0x080084f8       0xa8 ./Drivers/STM32F4xx_HAL_Driver/Src/stm32f4xx_hal_spi.o
 .text.SPI_DMATransmitReceiveCplt
                0x080085a0       0x90 ./Drivers/STM32F4xx_HAL_Driver/Src/stm32f4xx_hal_spi.o
 .text.SPI_DMAHalfTransmitCplt
                0x08008630       0x1c ./Drivers/STM32F4xx_HAL_Driver/Src/stm32f4xx_hal_spi.o
 .text.SPI_DMAHalfReceiveCplt
                0x0800864c       0x1c ./Drivers/STM32F4xx_HAL_Driver/Src/stm32f4xx_hal_spi.o
 .text.SPI_DMAHalfTransmitReceiveCplt
                0x08008668       0x1c ./Drivers/STM32F4xx_HAL_Driver/Src/stm32f4xx_hal_spi.o
 .text.SPI_DMAError
                0x08008684       0x40 ./Drivers/STM32F4xx_HAL_Driver/Src/stm32f4xx_hal_spi.o
 .text.SPI_DMAAbortOnError
                0x080086c4       0x28 ./Drivers/STM32F4xx_HAL_Driver/Src/stm32f4xx_hal_spi.o
 .text.SPI_WaitFlagStateUntilTimeout
                0x080086ec      0x110 ./Drivers/STM32F4xx_HAL_Driver/Src/stm32f4xx_hal_spi.o
 .text.SPI_EndRxTransaction
                0x080087fc       0xca ./Drivers/STM32F4xx_HAL_Driver/Src/stm32f4xx_hal_spi.o
 *fill*         0x080088c6        0x2 
 .text.SPI_EndRxTxTransaction
                0x080088c8       0x84 ./Drivers/STM32F4xx_HAL_Driver/Src/stm32f4xx_hal_spi.o
 .text.HAL_UART_Init
                0x0800894c       0x9a ./Drivers/STM32F4xx_HAL_Driver/Src/stm32f4xx_hal_uart.o
                0x0800894c                HAL_UART_Init
 .text.HAL_UART_Transmit
                0x080089e6      0x124 ./Drivers/STM32F4xx_HAL_Driver/Src/stm32f4xx_hal_uart.o
                0x080089e6                HAL_UART_Transmit
 *fill*         0x08008b0a        0x2 
 .text.HAL_UART_IRQHandler
                0x08008b0c      0x51c ./Drivers/STM32F4xx_HAL_Driver/Src/stm32f4xx_hal_uart.o
                0x08008b0c                HAL_UART_IRQHandler
 .text.HAL_UART_TxCpltCallback
                0x08009028       0x14 ./Drivers/STM32F4xx_HAL_Driver/Src/stm32f4xx_hal_uart.o
                0x08009028                HAL_UART_TxCpltCallback
 .text.HAL_UART_RxCpltCallback
                0x0800903c       0x14 ./Drivers/STM32F4xx_HAL_Driver/Src/stm32f4xx_hal_uart.o
                0x0800903c                HAL_UART_RxCpltCallback
 .text.HAL_UART_ErrorCallback
                0x08009050       0x14 ./Drivers/STM32F4xx_HAL_Driver/Src/stm32f4xx_hal_uart.o
                0x08009050                HAL_UART_ErrorCallback
 .text.HAL_UARTEx_RxEventCallback
                0x08009064       0x18 ./Drivers/STM32F4xx_HAL_Driver/Src/stm32f4xx_hal_uart.o
                0x08009064                HAL_UARTEx_RxEventCallback
 .text.UART_WaitOnFlagUntilTimeout
                0x0800907c       0xdc ./Drivers/STM32F4xx_HAL_Driver/Src/stm32f4xx_hal_uart.o
 .text.UART_EndRxTransfer
                0x08009158       0xc6 ./Drivers/STM32F4xx_HAL_Driver/Src/stm32f4xx_hal_uart.o
 .text.UART_DMAAbortOnError
                0x0800921e       0x28 ./Drivers/STM32F4xx_HAL_Driver/Src/stm32f4xx_hal_uart.o
 .text.UART_Transmit_IT
                0x08009246       0xa0 ./Drivers/STM32F4xx_HAL_Driver/Src/stm32f4xx_hal_uart.o
 .text.UART_EndTransmit_IT
                0x080092e6       0x30 ./Drivers/STM32F4xx_HAL_Driver/Src/stm32f4xx_hal_uart.o
 .text.UART_Receive_IT
                0x08009316      0x176 ./Drivers/STM32F4xx_HAL_Driver/Src/stm32f4xx_hal_uart.o
 .text.UART_SetConfig
                0x0800948c      0x508 ./Drivers/STM32F4xx_HAL_Driver/Src/stm32f4xx_hal_uart.o
 .text.__NVIC_SetPriority
                0x08009994       0x54 ./Middlewares/Third_Party/FreeRTOS/Source/CMSIS_RTOS_V2/cmsis_os2.o
 .text.SVC_Setup
                0x080099e8       0x12 ./Middlewares/Third_Party/FreeRTOS/Source/CMSIS_RTOS_V2/cmsis_os2.o
 *fill*         0x080099fa        0x2 
 .text.osKernelInitialize
                0x080099fc       0x48 ./Middlewares/Third_Party/FreeRTOS/Source/CMSIS_RTOS_V2/cmsis_os2.o
                0x080099fc                osKernelInitialize
 .text.osKernelStart
                0x08009a44       0x4c ./Middlewares/Third_Party/FreeRTOS/Source/CMSIS_RTOS_V2/cmsis_os2.o
                0x08009a44                osKernelStart
 .text.osThreadNew
                0x08009a90      0x124 ./Middlewares/Third_Party/FreeRTOS/Source/CMSIS_RTOS_V2/cmsis_os2.o
                0x08009a90                osThreadNew
 .text.osDelay  0x08009bb4       0x36 ./Middlewares/Third_Party/FreeRTOS/Source/CMSIS_RTOS_V2/cmsis_os2.o
                0x08009bb4                osDelay
 .text.osMutexNew
                0x08009bea      0x10c ./Middlewares/Third_Party/FreeRTOS/Source/CMSIS_RTOS_V2/cmsis_os2.o
                0x08009bea                osMutexNew
 .text.osMutexAcquire
                0x08009cf6       0x96 ./Middlewares/Third_Party/FreeRTOS/Source/CMSIS_RTOS_V2/cmsis_os2.o
                0x08009cf6                osMutexAcquire
 .text.osMutexRelease
                0x08009d8c       0x7a ./Middlewares/Third_Party/FreeRTOS/Source/CMSIS_RTOS_V2/cmsis_os2.o
                0x08009d8c                osMutexRelease
 .text.osSemaphoreNew
                0x08009e06      0x112 ./Middlewares/Third_Party/FreeRTOS/Source/CMSIS_RTOS_V2/cmsis_os2.o
                0x08009e06                osSemaphoreNew
 .text.osSemaphoreAcquire
                0x08009f18       0xa4 ./Middlewares/Third_Party/FreeRTOS/Source/CMSIS_RTOS_V2/cmsis_os2.o
                0x08009f18                osSemaphoreAcquire
 .text.osSemaphoreRelease
                0x08009fbc       0x88 ./Middlewares/Third_Party/FreeRTOS/Source/CMSIS_RTOS_V2/cmsis_os2.o
                0x08009fbc                osSemaphoreRelease
 .text.osMessageQueueNew
                0x0800a044       0xe6 ./Middlewares/Third_Party/FreeRTOS/Source/CMSIS_RTOS_V2/cmsis_os2.o
                0x0800a044                osMessageQueueNew
 *fill*         0x0800a12a        0x2 
 .text.vApplicationGetIdleTaskMemory
                0x0800a12c       0x34 ./Middlewares/Third_Party/FreeRTOS/Source/CMSIS_RTOS_V2/cmsis_os2.o
                0x0800a12c                vApplicationGetIdleTaskMemory
 .text.vApplicationGetTimerTaskMemory
                0x0800a160       0x34 ./Middlewares/Third_Party/FreeRTOS/Source/CMSIS_RTOS_V2/cmsis_os2.o
                0x0800a160                vApplicationGetTimerTaskMemory
 .text.vListInitialise
                0x0800a194       0x40 ./Middlewares/Third_Party/FreeRTOS/Source/list.o
                0x0800a194                vListInitialise
 .text.vListInitialiseItem
                0x0800a1d4       0x1a ./Middlewares/Third_Party/FreeRTOS/Source/list.o
                0x0800a1d4                vListInitialiseItem
 .text.vListInsertEnd
                0x0800a1ee       0x48 ./Middlewares/Third_Party/FreeRTOS/Source/list.o
                0x0800a1ee                vListInsertEnd
 .text.vListInsert
                0x0800a236       0x72 ./Middlewares/Third_Party/FreeRTOS/Source/list.o
                0x0800a236                vListInsert
 .text.uxListRemove
                0x0800a2a8       0x54 ./Middlewares/Third_Party/FreeRTOS/Source/list.o
                0x0800a2a8                uxListRemove
 .text.xQueueGenericReset
                0x0800a2fc       0xd4 ./Middlewares/Third_Party/FreeRTOS/Source/queue.o
                0x0800a2fc                xQueueGenericReset
 .text.xQueueGenericCreateStatic
                0x0800a3d0       0xfa ./Middlewares/Third_Party/FreeRTOS/Source/queue.o
                0x0800a3d0                xQueueGenericCreateStatic
 .text.xQueueGenericCreate
                0x0800a4ca       0x76 ./Middlewares/Third_Party/FreeRTOS/Source/queue.o
                0x0800a4ca                xQueueGenericCreate
 .text.prvInitialiseNewQueue
                0x0800a540       0x46 ./Middlewares/Third_Party/FreeRTOS/Source/queue.o
 .text.prvInitialiseMutex
                0x0800a586       0x34 ./Middlewares/Third_Party/FreeRTOS/Source/queue.o
 .text.xQueueCreateMutex
                0x0800a5ba       0x30 ./Middlewares/Third_Party/FreeRTOS/Source/queue.o
                0x0800a5ba                xQueueCreateMutex
 .text.xQueueCreateMutexStatic
                0x0800a5ea       0x36 ./Middlewares/Third_Party/FreeRTOS/Source/queue.o
                0x0800a5ea                xQueueCreateMutexStatic
 .text.xQueueGiveMutexRecursive
                0x0800a620       0x6a ./Middlewares/Third_Party/FreeRTOS/Source/queue.o
                0x0800a620                xQueueGiveMutexRecursive
 .text.xQueueTakeMutexRecursive
                0x0800a68a       0x6e ./Middlewares/Third_Party/FreeRTOS/Source/queue.o
                0x0800a68a                xQueueTakeMutexRecursive
 .text.xQueueCreateCountingSemaphoreStatic
                0x0800a6f8       0x72 ./Middlewares/Third_Party/FreeRTOS/Source/queue.o
                0x0800a6f8                xQueueCreateCountingSemaphoreStatic
 .text.xQueueCreateCountingSemaphore
                0x0800a76a       0x6a ./Middlewares/Third_Party/FreeRTOS/Source/queue.o
                0x0800a76a                xQueueCreateCountingSemaphore
 .text.xQueueGenericSend
                0x0800a7d4      0x204 ./Middlewares/Third_Party/FreeRTOS/Source/queue.o
                0x0800a7d4                xQueueGenericSend
 .text.xQueueGenericSendFromISR
                0x0800a9d8      0x13c ./Middlewares/Third_Party/FreeRTOS/Source/queue.o
                0x0800a9d8                xQueueGenericSendFromISR
 .text.xQueueGiveFromISR
                0x0800ab14      0x120 ./Middlewares/Third_Party/FreeRTOS/Source/queue.o
                0x0800ab14                xQueueGiveFromISR
 .text.xQueueReceive
                0x0800ac34      0x1c4 ./Middlewares/Third_Party/FreeRTOS/Source/queue.o
                0x0800ac34                xQueueReceive
 .text.xQueueSemaphoreTake
                0x0800adf8      0x220 ./Middlewares/Third_Party/FreeRTOS/Source/queue.o
                0x0800adf8                xQueueSemaphoreTake
 .text.xQueueReceiveFromISR
                0x0800b018      0x104 ./Middlewares/Third_Party/FreeRTOS/Source/queue.o
                0x0800b018                xQueueReceiveFromISR
 .text.vQueueDelete
                0x0800b11c       0x48 ./Middlewares/Third_Party/FreeRTOS/Source/queue.o
                0x0800b11c                vQueueDelete
 .text.prvGetDisinheritPriorityAfterTimeout
                0x0800b164       0x30 ./Middlewares/Third_Party/FreeRTOS/Source/queue.o
 .text.prvCopyDataToQueue
                0x0800b194       0xd4 ./Middlewares/Third_Party/FreeRTOS/Source/queue.o
 .text.prvCopyDataFromQueue
                0x0800b268       0x4c ./Middlewares/Third_Party/FreeRTOS/Source/queue.o
 .text.prvUnlockQueue
                0x0800b2b4       0xa4 ./Middlewares/Third_Party/FreeRTOS/Source/queue.o
 .text.prvIsQueueEmpty
                0x0800b358       0x2c ./Middlewares/Third_Party/FreeRTOS/Source/queue.o
 .text.prvIsQueueFull
                0x0800b384       0x30 ./Middlewares/Third_Party/FreeRTOS/Source/queue.o
 .text.vQueueAddToRegistry
                0x0800b3b4       0x54 ./Middlewares/Third_Party/FreeRTOS/Source/queue.o
                0x0800b3b4                vQueueAddToRegistry
 .text.vQueueUnregisterQueue
                0x0800b408       0x54 ./Middlewares/Third_Party/FreeRTOS/Source/queue.o
                0x0800b408                vQueueUnregisterQueue
 .text.vQueueWaitForMessageRestricted
                0x0800b45c       0x68 ./Middlewares/Third_Party/FreeRTOS/Source/queue.o
                0x0800b45c                vQueueWaitForMessageRestricted
 .text.xTaskCreateStatic
                0x0800b4c4       0xc0 ./Middlewares/Third_Party/FreeRTOS/Source/tasks.o
                0x0800b4c4                xTaskCreateStatic
 .text.xTaskCreate
                0x0800b584       0x8a ./Middlewares/Third_Party/FreeRTOS/Source/tasks.o
                0x0800b584                xTaskCreate
 .text.prvInitialiseNewTask
                0x0800b60e      0x120 ./Middlewares/Third_Party/FreeRTOS/Source/tasks.o
 *fill*         0x0800b72e        0x2 
 .text.prvAddNewTaskToReadyList
                0x0800b730       0xe0 ./Middlewares/Third_Party/FreeRTOS/Source/tasks.o
 .text.vTaskDelay
                0x0800b810       0x6c ./Middlewares/Third_Party/FreeRTOS/Source/tasks.o
                0x0800b810                vTaskDelay
 .text.vTaskStartScheduler
                0x0800b87c       0xd0 ./Middlewares/Third_Party/FreeRTOS/Source/tasks.o
                0x0800b87c                vTaskStartScheduler
 .text.vTaskSuspendAll
                0x0800b94c       0x1c ./Middlewares/Third_Party/FreeRTOS/Source/tasks.o
                0x0800b94c                vTaskSuspendAll
 .text.xTaskResumeAll
                0x0800b968      0x13c ./Middlewares/Third_Party/FreeRTOS/Source/tasks.o
                0x0800b968                xTaskResumeAll
 .text.xTaskGetTickCount
                0x0800baa4       0x20 ./Middlewares/Third_Party/FreeRTOS/Source/tasks.o
                0x0800baa4                xTaskGetTickCount
 .text.xTaskIncrementTick
                0x0800bac4      0x174 ./Middlewares/Third_Party/FreeRTOS/Source/tasks.o
                0x0800bac4                xTaskIncrementTick
 .text.vTaskSwitchContext
                0x0800bc38       0xbc ./Middlewares/Third_Party/FreeRTOS/Source/tasks.o
                0x0800bc38                vTaskSwitchContext
 .text.vTaskPlaceOnEventList
                0x0800bcf4       0x4c ./Middlewares/Third_Party/FreeRTOS/Source/tasks.o
                0x0800bcf4                vTaskPlaceOnEventList
 .text.vTaskPlaceOnEventListRestricted
                0x0800bd40       0x58 ./Middlewares/Third_Party/FreeRTOS/Source/tasks.o
                0x0800bd40                vTaskPlaceOnEventListRestricted
 .text.xTaskRemoveFromEventList
                0x0800bd98       0xc8 ./Middlewares/Third_Party/FreeRTOS/Source/tasks.o
                0x0800bd98                xTaskRemoveFromEventList
 .text.vTaskInternalSetTimeOutState
                0x0800be60       0x2c ./Middlewares/Third_Party/FreeRTOS/Source/tasks.o
                0x0800be60                vTaskInternalSetTimeOutState
 .text.xTaskCheckForTimeOut
                0x0800be8c       0xc8 ./Middlewares/Third_Party/FreeRTOS/Source/tasks.o
                0x0800be8c                xTaskCheckForTimeOut
 .text.vTaskMissedYield
                0x0800bf54       0x18 ./Middlewares/Third_Party/FreeRTOS/Source/tasks.o
                0x0800bf54                vTaskMissedYield
 .text.prvIdleTask
                0x0800bf6c       0x30 ./Middlewares/Third_Party/FreeRTOS/Source/tasks.o
 .text.prvInitialiseTaskLists
                0x0800bf9c       0x80 ./Middlewares/Third_Party/FreeRTOS/Source/tasks.o
 .text.prvCheckTasksWaitingTermination
                0x0800c01c       0x5c ./Middlewares/Third_Party/FreeRTOS/Source/tasks.o
 .text.prvDeleteTCB
                0x0800c078       0x60 ./Middlewares/Third_Party/FreeRTOS/Source/tasks.o
 .text.prvResetNextTaskUnblockTime
                0x0800c0d8       0x40 ./Middlewares/Third_Party/FreeRTOS/Source/tasks.o
 .text.xTaskGetCurrentTaskHandle
                0x0800c118       0x20 ./Middlewares/Third_Party/FreeRTOS/Source/tasks.o
                0x0800c118                xTaskGetCurrentTaskHandle
 .text.xTaskGetSchedulerState
                0x0800c138       0x3c ./Middlewares/Third_Party/FreeRTOS/Source/tasks.o
                0x0800c138                xTaskGetSchedulerState
 .text.xTaskPriorityInherit
                0x0800c174       0xd0 ./Middlewares/Third_Party/FreeRTOS/Source/tasks.o
                0x0800c174                xTaskPriorityInherit
 .text.xTaskPriorityDisinherit
                0x0800c244       0xe0 ./Middlewares/Third_Party/FreeRTOS/Source/tasks.o
                0x0800c244                xTaskPriorityDisinherit
 .text.vTaskPriorityDisinheritAfterTimeout
                0x0800c324      0x108 ./Middlewares/Third_Party/FreeRTOS/Source/tasks.o
                0x0800c324                vTaskPriorityDisinheritAfterTimeout
 .text.pvTaskIncrementMutexHeldCount
                0x0800c42c       0x28 ./Middlewares/Third_Party/FreeRTOS/Source/tasks.o
                0x0800c42c                pvTaskIncrementMutexHeldCount
 .text.prvAddCurrentTaskToDelayedList
                0x0800c454       0xa8 ./Middlewares/Third_Party/FreeRTOS/Source/tasks.o
 .text.xTimerCreateTimerTask
                0x0800c4fc       0x94 ./Middlewares/Third_Party/FreeRTOS/Source/timers.o
                0x0800c4fc                xTimerCreateTimerTask
 .text.xTimerGenericCommand
                0x0800c590       0x9c ./Middlewares/Third_Party/FreeRTOS/Source/timers.o
                0x0800c590                xTimerGenericCommand
 .text.prvProcessExpiredTimer
                0x0800c62c       0x9c ./Middlewares/Third_Party/FreeRTOS/Source/timers.o
 .text.prvTimerTask
                0x0800c6c8       0x26 ./Middlewares/Third_Party/FreeRTOS/Source/timers.o
 *fill*         0x0800c6ee        0x2 
 .text.prvProcessTimerOrBlockTask
                0x0800c6f0       0x9c ./Middlewares/Third_Party/FreeRTOS/Source/timers.o
 .text.prvGetNextExpireTime
                0x0800c78c       0x48 ./Middlewares/Third_Party/FreeRTOS/Source/timers.o
 .text.prvSampleTimeNow
                0x0800c7d4       0x40 ./Middlewares/Third_Party/FreeRTOS/Source/timers.o
 .text.prvInsertTimerInActiveList
                0x0800c814       0x84 ./Middlewares/Third_Party/FreeRTOS/Source/timers.o
 .text.prvProcessReceivedCommands
                0x0800c898      0x1cc ./Middlewares/Third_Party/FreeRTOS/Source/timers.o
 .text.prvSwitchTimerLists
                0x0800ca64       0xcc ./Middlewares/Third_Party/FreeRTOS/Source/timers.o
 .text.prvCheckForValidListAndQueue
                0x0800cb30       0x80 ./Middlewares/Third_Party/FreeRTOS/Source/timers.o
 .text.pxPortInitialiseStack
                0x0800cbb0       0x68 ./Middlewares/Third_Party/FreeRTOS/Source/portable/GCC/ARM_CM4F/port.o
                0x0800cbb0                pxPortInitialiseStack
 .text.prvTaskExitError
                0x0800cc18       0x5c ./Middlewares/Third_Party/FreeRTOS/Source/portable/GCC/ARM_CM4F/port.o
 *fill*         0x0800cc74        0xc 
 .text.SVC_Handler
                0x0800cc80       0x28 ./Middlewares/Third_Party/FreeRTOS/Source/portable/GCC/ARM_CM4F/port.o
                0x0800cc80                SVC_Handler
 .text.prvPortStartFirstTask
                0x0800cca8       0x28 ./Middlewares/Third_Party/FreeRTOS/Source/portable/GCC/ARM_CM4F/port.o
 .text.xPortStartScheduler
                0x0800ccd0      0x148 ./Middlewares/Third_Party/FreeRTOS/Source/portable/GCC/ARM_CM4F/port.o
                0x0800ccd0                xPortStartScheduler
 .text.vPortEnterCritical
                0x0800ce18       0x64 ./Middlewares/Third_Party/FreeRTOS/Source/portable/GCC/ARM_CM4F/port.o
                0x0800ce18                vPortEnterCritical
 .text.vPortExitCritical
                0x0800ce7c       0x54 ./Middlewares/Third_Party/FreeRTOS/Source/portable/GCC/ARM_CM4F/port.o
                0x0800ce7c                vPortExitCritical
 .text.PendSV_Handler
                0x0800ced0       0x68 ./Middlewares/Third_Party/FreeRTOS/Source/portable/GCC/ARM_CM4F/port.o
                0x0800ced0                PendSV_Handler
 .text.xPortSysTickHandler
                0x0800cf38       0x44 ./Middlewares/Third_Party/FreeRTOS/Source/portable/GCC/ARM_CM4F/port.o
                0x0800cf38                xPortSysTickHandler
 .text.vPortSetupTimerInterrupt
                0x0800cf7c       0x48 ./Middlewares/Third_Party/FreeRTOS/Source/portable/GCC/ARM_CM4F/port.o
                0x0800cf7c                vPortSetupTimerInterrupt
 .text.vPortEnableVFP
                0x0800cfc4       0x14 ./Middlewares/Third_Party/FreeRTOS/Source/portable/GCC/ARM_CM4F/port.o
 .text.vPortValidateInterruptPriority
                0x0800cfd8       0x84 ./Middlewares/Third_Party/FreeRTOS/Source/portable/GCC/ARM_CM4F/port.o
                0x0800cfd8                vPortValidateInterruptPriority
 .text.pvPortMalloc
                0x0800d05c      0x19c ./Middlewares/Third_Party/FreeRTOS/Source/portable/MemMang/heap_4.o
                0x0800d05c                pvPortMalloc
 .text.vPortFree
                0x0800d1f8       0xc8 ./Middlewares/Third_Party/FreeRTOS/Source/portable/MemMang/heap_4.o
                0x0800d1f8                vPortFree
 .text.prvHeapInit
                0x0800d2c0       0xc4 ./Middlewares/Third_Party/FreeRTOS/Source/portable/MemMang/heap_4.o
 .text.prvInsertBlockIntoFreeList
                0x0800d384       0xb4 ./Middlewares/Third_Party/FreeRTOS/Source/portable/MemMang/heap_4.o
 .text.snprintf
                0x0800d438       0x6c C:/ST/STM32CubeIDE_1.17.0/STM32CubeIDE/plugins/com.st.stm32cube.ide.mcu.externaltools.gnu-tools-for-stm32.13.3.rel1.win32_1.0.0.202411081344/tools/bin/../lib/gcc/arm-none-eabi/13.3.1/../../../../arm-none-eabi/lib/thumb/v7e-m+fp/hard\libc_nano.a(libc_a-snprintf.o)
                0x0800d438                sniprintf
                0x0800d438                snprintf
 .text.memset   0x0800d4a4       0x10 C:/ST/STM32CubeIDE_1.17.0/STM32CubeIDE/plugins/com.st.stm32cube.ide.mcu.externaltools.gnu-tools-for-stm32.13.3.rel1.win32_1.0.0.202411081344/tools/bin/../lib/gcc/arm-none-eabi/13.3.1/../../../../arm-none-eabi/lib/thumb/v7e-m+fp/hard\libc_nano.a(libc_a-memset.o)
                0x0800d4a4                memset
 .text.__errno  0x0800d4b4        0xc C:/ST/STM32CubeIDE_1.17.0/STM32CubeIDE/plugins/com.st.stm32cube.ide.mcu.externaltools.gnu-tools-for-stm32.13.3.rel1.win32_1.0.0.202411081344/tools/bin/../lib/gcc/arm-none-eabi/13.3.1/../../../../arm-none-eabi/lib/thumb/v7e-m+fp/hard\libc_nano.a(libc_a-errno.o)
                0x0800d4b4                __errno
 .text.__libc_init_array
                0x0800d4c0       0x48 C:/ST/STM32CubeIDE_1.17.0/STM32CubeIDE/plugins/com.st.stm32cube.ide.mcu.externaltools.gnu-tools-for-stm32.13.3.rel1.win32_1.0.0.202411081344/tools/bin/../lib/gcc/arm-none-eabi/13.3.1/../../../../arm-none-eabi/lib/thumb/v7e-m+fp/hard\libc_nano.a(libc_a-init.o)
                0x0800d4c0                __libc_init_array
 .text.__retarget_lock_acquire_recursive
                0x0800d508        0x2 C:/ST/STM32CubeIDE_1.17.0/STM32CubeIDE/plugins/com.st.stm32cube.ide.mcu.externaltools.gnu-tools-for-stm32.13.3.rel1.win32_1.0.0.202411081344/tools/bin/../lib/gcc/arm-none-eabi/13.3.1/../../../../arm-none-eabi/lib/thumb/v7e-m+fp/hard\libc_nano.a(libc_a-lock.o)
                0x0800d508                __retarget_lock_acquire_recursive
 .text.__retarget_lock_release_recursive
                0x0800d50a        0x2 C:/ST/STM32CubeIDE_1.17.0/STM32CubeIDE/plugins/com.st.stm32cube.ide.mcu.externaltools.gnu-tools-for-stm32.13.3.rel1.win32_1.0.0.202411081344/tools/bin/../lib/gcc/arm-none-eabi/13.3.1/../../../../arm-none-eabi/lib/thumb/v7e-m+fp/hard\libc_nano.a(libc_a-lock.o)
                0x0800d50a                __retarget_lock_release_recursive
 .text.memcpy   0x0800d50c       0x1c C:/ST/STM32CubeIDE_1.17.0/STM32CubeIDE/plugins/com.st.stm32cube.ide.mcu.externaltools.gnu-tools-for-stm32.13.3.rel1.win32_1.0.0.202411081344/tools/bin/../lib/gcc/arm-none-eabi/13.3.1/../../../../arm-none-eabi/lib/thumb/v7e-m+fp/hard\libc_nano.a(libc_a-memcpy-stub.o)
                0x0800d50c                memcpy
 .text._free_r  0x0800d528       0x94 C:/ST/STM32CubeIDE_1.17.0/STM32CubeIDE/plugins/com.st.stm32cube.ide.mcu.externaltools.gnu-tools-for-stm32.13.3.rel1.win32_1.0.0.202411081344/tools/bin/../lib/gcc/arm-none-eabi/13.3.1/../../../../arm-none-eabi/lib/thumb/v7e-m+fp/hard\libc_nano.a(libc_a-freer.o)
                0x0800d528                _free_r
 .text.sbrk_aligned
                0x0800d5bc       0x44 C:/ST/STM32CubeIDE_1.17.0/STM32CubeIDE/plugins/com.st.stm32cube.ide.mcu.externaltools.gnu-tools-for-stm32.13.3.rel1.win32_1.0.0.202411081344/tools/bin/../lib/gcc/arm-none-eabi/13.3.1/../../../../arm-none-eabi/lib/thumb/v7e-m+fp/hard\libc_nano.a(libc_a-mallocr.o)
 .text._malloc_r
                0x0800d600      0x100 C:/ST/STM32CubeIDE_1.17.0/STM32CubeIDE/plugins/com.st.stm32cube.ide.mcu.externaltools.gnu-tools-for-stm32.13.3.rel1.win32_1.0.0.202411081344/tools/bin/../lib/gcc/arm-none-eabi/13.3.1/../../../../arm-none-eabi/lib/thumb/v7e-m+fp/hard\libc_nano.a(libc_a-mallocr.o)
                0x0800d600                _malloc_r
 .text.__malloc_lock
                0x0800d700        0xc C:/ST/STM32CubeIDE_1.17.0/STM32CubeIDE/plugins/com.st.stm32cube.ide.mcu.externaltools.gnu-tools-for-stm32.13.3.rel1.win32_1.0.0.202411081344/tools/bin/../lib/gcc/arm-none-eabi/13.3.1/../../../../arm-none-eabi/lib/thumb/v7e-m+fp/hard\libc_nano.a(libc_a-mlock.o)
                0x0800d700                __malloc_lock
 .text.__malloc_unlock
                0x0800d70c        0xc C:/ST/STM32CubeIDE_1.17.0/STM32CubeIDE/plugins/com.st.stm32cube.ide.mcu.externaltools.gnu-tools-for-stm32.13.3.rel1.win32_1.0.0.202411081344/tools/bin/../lib/gcc/arm-none-eabi/13.3.1/../../../../arm-none-eabi/lib/thumb/v7e-m+fp/hard\libc_nano.a(libc_a-mlock.o)
                0x0800d70c                __malloc_unlock
 .text.__ssputs_r
                0x0800d718       0xb6 C:/ST/STM32CubeIDE_1.17.0/STM32CubeIDE/plugins/com.st.stm32cube.ide.mcu.externaltools.gnu-tools-for-stm32.13.3.rel1.win32_1.0.0.202411081344/tools/bin/../lib/gcc/arm-none-eabi/13.3.1/../../../../arm-none-eabi/lib/thumb/v7e-m+fp/hard\libc_nano.a(libc_a-nano-svfprintf.o)
                0x0800d718                __ssputs_r
 *fill*         0x0800d7ce        0x2 
 .text._svfprintf_r
                0x0800d7d0      0x1f8 C:/ST/STM32CubeIDE_1.17.0/STM32CubeIDE/plugins/com.st.stm32cube.ide.mcu.externaltools.gnu-tools-for-stm32.13.3.rel1.win32_1.0.0.202411081344/tools/bin/../lib/gcc/arm-none-eabi/13.3.1/../../../../arm-none-eabi/lib/thumb/v7e-m+fp/hard\libc_nano.a(libc_a-nano-svfprintf.o)
                0x0800d7d0                _svfiprintf_r
                0x0800d7d0                _svfprintf_r
 .text._printf_common
                0x0800d9c8       0xda C:/ST/STM32CubeIDE_1.17.0/STM32CubeIDE/plugins/com.st.stm32cube.ide.mcu.externaltools.gnu-tools-for-stm32.13.3.rel1.win32_1.0.0.202411081344/tools/bin/../lib/gcc/arm-none-eabi/13.3.1/../../../../arm-none-eabi/lib/thumb/v7e-m+fp/hard\libc_nano.a(libc_a-nano-vfprintf_i.o)
                0x0800d9c8                _printf_common
 *fill*         0x0800daa2        0x2 
 .text._printf_i
                0x0800daa4      0x23c C:/ST/STM32CubeIDE_1.17.0/STM32CubeIDE/plugins/com.st.stm32cube.ide.mcu.externaltools.gnu-tools-for-stm32.13.3.rel1.win32_1.0.0.202411081344/tools/bin/../lib/gcc/arm-none-eabi/13.3.1/../../../../arm-none-eabi/lib/thumb/v7e-m+fp/hard\libc_nano.a(libc_a-nano-vfprintf_i.o)
                0x0800daa4                _printf_i
 .text.memmove  0x0800dce0       0x34 C:/ST/STM32CubeIDE_1.17.0/STM32CubeIDE/plugins/com.st.stm32cube.ide.mcu.externaltools.gnu-tools-for-stm32.13.3.rel1.win32_1.0.0.202411081344/tools/bin/../lib/gcc/arm-none-eabi/13.3.1/../../../../arm-none-eabi/lib/thumb/v7e-m+fp/hard\libc_nano.a(libc_a-memmove.o)
                0x0800dce0                memmove
 .text._sbrk_r  0x0800dd14       0x20 C:/ST/STM32CubeIDE_1.17.0/STM32CubeIDE/plugins/com.st.stm32cube.ide.mcu.externaltools.gnu-tools-for-stm32.13.3.rel1.win32_1.0.0.202411081344/tools/bin/../lib/gcc/arm-none-eabi/13.3.1/../../../../arm-none-eabi/lib/thumb/v7e-m+fp/hard\libc_nano.a(libc_a-sbrkr.o)
                0x0800dd14                _sbrk_r
 .text._realloc_r
                0x0800dd34       0x5c C:/ST/STM32CubeIDE_1.17.0/STM32CubeIDE/plugins/com.st.stm32cube.ide.mcu.externaltools.gnu-tools-for-stm32.13.3.rel1.win32_1.0.0.202411081344/tools/bin/../lib/gcc/arm-none-eabi/13.3.1/../../../../arm-none-eabi/lib/thumb/v7e-m+fp/hard\libc_nano.a(libc_a-reallocr.o)
                0x0800dd34                _realloc_r
 .text._malloc_usable_size_r
                0x0800dd90       0x10 C:/ST/STM32CubeIDE_1.17.0/STM32CubeIDE/plugins/com.st.stm32cube.ide.mcu.externaltools.gnu-tools-for-stm32.13.3.rel1.win32_1.0.0.202411081344/tools/bin/../lib/gcc/arm-none-eabi/13.3.1/../../../../arm-none-eabi/lib/thumb/v7e-m+fp/hard\libc_nano.a(libc_a-msizer.o)
                0x0800dd90                _malloc_usable_size_r
 *(.glue_7)
 .glue_7        0x0800dda0        0x0 linker stubs
 *(.glue_7t)
 .glue_7t       0x0800dda0        0x0 linker stubs
 *(.eh_frame)
 .eh_frame      0x0800dda0        0x0 C:/ST/STM32CubeIDE_1.17.0/STM32CubeIDE/plugins/com.st.stm32cube.ide.mcu.externaltools.gnu-tools-for-stm32.13.3.rel1.win32_1.0.0.202411081344/tools/bin/../lib/gcc/arm-none-eabi/13.3.1/thumb/v7e-m+fp/hard/crtbegin.o
 *(.init)
 .init          0x0800dda0        0x4 C:/ST/STM32CubeIDE_1.17.0/STM32CubeIDE/plugins/com.st.stm32cube.ide.mcu.externaltools.gnu-tools-for-stm32.13.3.rel1.win32_1.0.0.202411081344/tools/bin/../lib/gcc/arm-none-eabi/13.3.1/thumb/v7e-m+fp/hard/crti.o
                0x0800dda0                _init
 .init          0x0800dda4        0x8 C:/ST/STM32CubeIDE_1.17.0/STM32CubeIDE/plugins/com.st.stm32cube.ide.mcu.externaltools.gnu-tools-for-stm32.13.3.rel1.win32_1.0.0.202411081344/tools/bin/../lib/gcc/arm-none-eabi/13.3.1/thumb/v7e-m+fp/hard/crtn.o
 *(.fini)
 .fini          0x0800ddac        0x4 C:/ST/STM32CubeIDE_1.17.0/STM32CubeIDE/plugins/com.st.stm32cube.ide.mcu.externaltools.gnu-tools-for-stm32.13.3.rel1.win32_1.0.0.202411081344/tools/bin/../lib/gcc/arm-none-eabi/13.3.1/thumb/v7e-m+fp/hard/crti.o
                0x0800ddac                _fini
 .fini          0x0800ddb0        0x8 C:/ST/STM32CubeIDE_1.17.0/STM32CubeIDE/plugins/com.st.stm32cube.ide.mcu.externaltools.gnu-tools-for-stm32.13.3.rel1.win32_1.0.0.202411081344/tools/bin/../lib/gcc/arm-none-eabi/13.3.1/thumb/v7e-m+fp/hard/crtn.o
                0x0800ddb8                        . = ALIGN (0x4)
                0x0800ddb8                        _etext = .

.vfp11_veneer   0x0800ddb8        0x0
 .vfp11_veneer  0x0800ddb8        0x0 linker stubs

.v4_bx          0x0800ddb8        0x0
 .v4_bx         0x0800ddb8        0x0 linker stubs

.iplt           0x0800ddb8        0x0
 .iplt          0x0800ddb8        0x0 C:/ST/STM32CubeIDE_1.17.0/STM32CubeIDE/plugins/com.st.stm32cube.ide.mcu.externaltools.gnu-tools-for-stm32.13.3.rel1.win32_1.0.0.202411081344/tools/bin/../lib/gcc/arm-none-eabi/13.3.1/thumb/v7e-m+fp/hard/crtbegin.o

.rodata         0x0800ddb8      0x1b8
                0x0800ddb8                        . = ALIGN (0x4)
 *(.rodata)
 .rodata        0x0800ddb8       0x70 ./Core/Src/main.o
 .rodata        0x0800de28        0x5 ./Middlewares/Third_Party/FreeRTOS/Source/tasks.o
 *fill*         0x0800de2d        0x3 
 .rodata        0x0800de30        0xd ./Middlewares/Third_Party/FreeRTOS/Source/timers.o
 *(.rodata*)
 *fill*         0x0800de3d        0x3 
 .rodata.defaultTask_attributes
                0x0800de40       0x24 ./Core/Src/main.o
                0x0800de40                defaultTask_attributes
 .rodata.I2CTask_attributes
                0x0800de64       0x24 ./Core/Src/main.o
                0x0800de64                I2CTask_attributes
 .rodata.SPITask_attributes
                0x0800de88       0x24 ./Core/Src/main.o
                0x0800de88                SPITask_attributes
 .rodata.CANTask_attributes
                0x0800deac       0x24 ./Core/Src/main.o
                0x0800deac                CANTask_attributes
 .rodata.UARTTask_attributes
                0x0800ded0       0x24 ./Core/Src/main.o
                0x0800ded0                UARTTask_attributes
 .rodata.CanQueue_attributes
                0x0800def4       0x18 ./Core/Src/main.o
                0x0800def4                CanQueue_attributes
 .rodata.CommMutexHandle_attributes
                0x0800df0c       0x10 ./Core/Src/main.o
                0x0800df0c                CommMutexHandle_attributes
 .rodata.AHBPrescTable
                0x0800df1c       0x10 ./Core/Src/system_stm32f4xx.o
                0x0800df1c                AHBPrescTable
 .rodata.APBPrescTable
                0x0800df2c        0x8 ./Core/Src/system_stm32f4xx.o
                0x0800df2c                APBPrescTable
 .rodata.flagBitshiftOffset.0
                0x0800df34        0x8 ./Drivers/STM32F4xx_HAL_Driver/Src/stm32f4xx_hal_dma.o
 .rodata._svfprintf_r.str1.1
                0x0800df3c       0x33 C:/ST/STM32CubeIDE_1.17.0/STM32CubeIDE/plugins/com.st.stm32cube.ide.mcu.externaltools.gnu-tools-for-stm32.13.3.rel1.win32_1.0.0.202411081344/tools/bin/../lib/gcc/arm-none-eabi/13.3.1/../../../../arm-none-eabi/lib/thumb/v7e-m+fp/hard\libc_nano.a(libc_a-nano-svfprintf.o)
                                 0x11 (size before relaxing)
 .rodata._printf_i.str1.1
                0x0800df6f       0x22 C:/ST/STM32CubeIDE_1.17.0/STM32CubeIDE/plugins/com.st.stm32cube.ide.mcu.externaltools.gnu-tools-for-stm32.13.3.rel1.win32_1.0.0.202411081344/tools/bin/../lib/gcc/arm-none-eabi/13.3.1/../../../../arm-none-eabi/lib/thumb/v7e-m+fp/hard\libc_nano.a(libc_a-nano-vfprintf_i.o)
                0x0800df94                        . = ALIGN (0x4)
 *fill*         0x0800df6f        0x1 

.ARM.extab      0x0800df70        0x0
                0x0800df70                        . = ALIGN (0x4)
 *(.ARM.extab* .gnu.linkonce.armextab.*)
                0x0800df70                        . = ALIGN (0x4)

.ARM            0x0800df70        0x8
                0x0800df70                        . = ALIGN (0x4)
                0x0800df70                        __exidx_start = .
 *(.ARM.exidx*)
 .ARM.exidx     0x0800df70        0x8 C:/ST/STM32CubeIDE_1.17.0/STM32CubeIDE/plugins/com.st.stm32cube.ide.mcu.externaltools.gnu-tools-for-stm32.13.3.rel1.win32_1.0.0.202411081344/tools/bin/../lib/gcc/arm-none-eabi/13.3.1/../../../../arm-none-eabi/lib/thumb/v7e-m+fp/hard\libc_nano.a(libc_a-strlen.o)
 .ARM.exidx     0x0800df78        0x0 C:/ST/STM32CubeIDE_1.17.0/STM32CubeIDE/plugins/com.st.stm32cube.ide.mcu.externaltools.gnu-tools-for-stm32.13.3.rel1.win32_1.0.0.202411081344/tools/bin/../lib/gcc/arm-none-eabi/13.3.1/../../../../arm-none-eabi/lib/thumb/v7e-m+fp/hard\libc_nano.a(libc_a-memchr.o)
                                  0x8 (size before relaxing)
 .ARM.exidx     0x0800df78        0x0 C:/ST/STM32CubeIDE_1.17.0/STM32CubeIDE/plugins/com.st.stm32cube.ide.mcu.externaltools.gnu-tools-for-stm32.13.3.rel1.win32_1.0.0.202411081344/tools/bin/../lib/gcc/arm-none-eabi/13.3.1/thumb/v7e-m+fp/hard\libgcc.a(_udivmoddi4.o)
                                  0x8 (size before relaxing)
                0x0800df78                        __exidx_end = .
                0x0800df78                        . = ALIGN (0x4)

.rel.dyn        0x0800df78        0x0
 .rel.iplt      0x0800df78        0x0 C:/ST/STM32CubeIDE_1.17.0/STM32CubeIDE/plugins/com.st.stm32cube.ide.mcu.externaltools.gnu-tools-for-stm32.13.3.rel1.win32_1.0.0.202411081344/tools/bin/../lib/gcc/arm-none-eabi/13.3.1/thumb/v7e-m+fp/hard/crtbegin.o

.preinit_array  0x0800df78        0x0
                0x0800df78                        . = ALIGN (0x4)
                0x0800df78                        PROVIDE (__preinit_array_start = .)
 *(.preinit_array*)
                0x0800df78                        PROVIDE (__preinit_array_end = .)
                0x0800df78                        . = ALIGN (0x4)

.init_array     0x0800df78        0x4
                0x0800df78                        . = ALIGN (0x4)
                0x0800df78                        PROVIDE (__init_array_start = .)
 *(SORT_BY_NAME(.init_array.*))
 *(.init_array*)
 .init_array    0x0800df78        0x4 C:/ST/STM32CubeIDE_1.17.0/STM32CubeIDE/plugins/com.st.stm32cube.ide.mcu.externaltools.gnu-tools-for-stm32.13.3.rel1.win32_1.0.0.202411081344/tools/bin/../lib/gcc/arm-none-eabi/13.3.1/thumb/v7e-m+fp/hard/crtbegin.o
                0x0800df7c                        PROVIDE (__init_array_end = .)
                0x0800df7c                        . = ALIGN (0x4)

.fini_array     0x0800df7c        0x4
                0x0800df7c                        . = ALIGN (0x4)
                [!provide]                        PROVIDE (__fini_array_start = .)
 *(SORT_BY_NAME(.fini_array.*))
 *(.fini_array*)
 .fini_array    0x0800df7c        0x4 C:/ST/STM32CubeIDE_1.17.0/STM32CubeIDE/plugins/com.st.stm32cube.ide.mcu.externaltools.gnu-tools-for-stm32.13.3.rel1.win32_1.0.0.202411081344/tools/bin/../lib/gcc/arm-none-eabi/13.3.1/thumb/v7e-m+fp/hard/crtbegin.o
                [!provide]                        PROVIDE (__fini_array_end = .)
                0x0800df80                        . = ALIGN (0x4)
                0x0800df80                        _sidata = LOADADDR (.data)

.data           0x20000000       0x60 load address 0x0800df80
                0x20000000                        . = ALIGN (0x4)
                0x20000000                        _sdata = .
 *(.data)
 *(.data*)
 .data.SystemCoreClock
                0x20000000        0x4 ./Core/Src/system_stm32f4xx.o
                0x20000000                SystemCoreClock
 .data.uwTickPrio
                0x20000004        0x4 ./Drivers/STM32F4xx_HAL_Driver/Src/stm32f4xx_hal.o
                0x20000004                uwTickPrio
 .data.uwTickFreq
                0x20000008        0x1 ./Drivers/STM32F4xx_HAL_Driver/Src/stm32f4xx_hal.o
                0x20000008                uwTickFreq
 *fill*         0x20000009        0x3 
 .data.uxCriticalNesting
                0x2000000c        0x4 ./Middlewares/Third_Party/FreeRTOS/Source/portable/GCC/ARM_CM4F/port.o
 .data._impure_ptr
                0x20000010        0x4 C:/ST/STM32CubeIDE_1.17.0/STM32CubeIDE/plugins/com.st.stm32cube.ide.mcu.externaltools.gnu-tools-for-stm32.13.3.rel1.win32_1.0.0.202411081344/tools/bin/../lib/gcc/arm-none-eabi/13.3.1/../../../../arm-none-eabi/lib/thumb/v7e-m+fp/hard\libc_nano.a(libc_a-impure.o)
                0x20000010                _impure_ptr
 .data._impure_data
                0x20000014       0x4c C:/ST/STM32CubeIDE_1.17.0/STM32CubeIDE/plugins/com.st.stm32cube.ide.mcu.externaltools.gnu-tools-for-stm32.13.3.rel1.win32_1.0.0.202411081344/tools/bin/../lib/gcc/arm-none-eabi/13.3.1/../../../../arm-none-eabi/lib/thumb/v7e-m+fp/hard\libc_nano.a(libc_a-impure.o)
                0x20000014                _impure_data
 *(.RamFunc)
 *(.RamFunc*)
                0x20000060                        . = ALIGN (0x4)
                0x20000060                        _edata = .

.igot.plt       0x20000060        0x0 load address 0x0800dfe0
 .igot.plt      0x20000060        0x0 C:/ST/STM32CubeIDE_1.17.0/STM32CubeIDE/plugins/com.st.stm32cube.ide.mcu.externaltools.gnu-tools-for-stm32.13.3.rel1.win32_1.0.0.202411081344/tools/bin/../lib/gcc/arm-none-eabi/13.3.1/thumb/v7e-m+fp/hard/crtbegin.o
                0x20000060                        . = ALIGN (0x4)

.bss            0x20000060     0x5044 load address 0x0800dfe0
                0x20000060                        _sbss = .
                0x20000060                        __bss_start__ = _sbss
 *(.bss)
 .bss           0x20000060       0x1c C:/ST/STM32CubeIDE_1.17.0/STM32CubeIDE/plugins/com.st.stm32cube.ide.mcu.externaltools.gnu-tools-for-stm32.13.3.rel1.win32_1.0.0.202411081344/tools/bin/../lib/gcc/arm-none-eabi/13.3.1/thumb/v7e-m+fp/hard/crtbegin.o
 *(.bss*)
 .bss.tx_header
                0x2000007c       0x18 ./Core/Src/can_manager.o
 .bss.rx_header
                0x20000094       0x1c ./Core/Src/can_manager.o
 .bss.rx_data   0x200000b0        0x8 ./Core/Src/can_manager.o
 .bss.p_tx_data
                0x200000b8        0x4 ./Core/Src/can_manager.o
 .bss.tx_data_size
                0x200000bc        0x2 ./Core/Src/can_manager.o
 .bss.tx_data_sent_count
                0x200000be        0x2 ./Core/Src/can_manager.o
 .bss.is_tx_in_progress
                0x200000c0        0x1 ./Core/Src/can_manager.o
 .bss.received_command
                0x200000c1        0x1 ./Core/Src/can_manager.o
 *fill*         0x200000c2        0x2 
 .bss.dtc_status_bitmask
                0x200000c4        0x4 ./Core/Src/dtc_manager.o
 .bss.s_hspi    0x200000c8        0x4 ./Core/Src/eeprom_25lc256.o
 .bss.s_cs_port
                0x200000cc        0x4 ./Core/Src/eeprom_25lc256.o
 .bss.s_cs_pin  0x200000d0        0x2 ./Core/Src/eeprom_25lc256.o
 .bss.spi_dma_tx_complete
                0x200000d2        0x1 ./Core/Src/eeprom_25lc256.o
 .bss.spi_dma_rx_complete
                0x200000d3        0x1 ./Core/Src/eeprom_25lc256.o
 .bss.hadc1     0x200000d4       0x48 ./Core/Src/main.o
                0x200000d4                hadc1
 .bss.hcan1     0x2000011c       0x28 ./Core/Src/main.o
                0x2000011c                hcan1
 .bss.hi2c1     0x20000144       0x54 ./Core/Src/main.o
                0x20000144                hi2c1
 .bss.hi2c2     0x20000198       0x54 ./Core/Src/main.o
                0x20000198                hi2c2
 .bss.hdma_i2c1_rx
                0x200001ec       0x60 ./Core/Src/main.o
                0x200001ec                hdma_i2c1_rx
 .bss.hdma_i2c1_tx
                0x2000024c       0x60 ./Core/Src/main.o
                0x2000024c                hdma_i2c1_tx
 .bss.hdma_i2c2_rx
                0x200002ac       0x60 ./Core/Src/main.o
                0x200002ac                hdma_i2c2_rx
 .bss.hdma_i2c2_tx
                0x2000030c       0x60 ./Core/Src/main.o
                0x2000030c                hdma_i2c2_tx
 .bss.hspi1     0x2000036c       0x58 ./Core/Src/main.o
                0x2000036c                hspi1
 .bss.hspi2     0x200003c4       0x58 ./Core/Src/main.o
                0x200003c4                hspi2
 .bss.hdma_spi1_rx
                0x2000041c       0x60 ./Core/Src/main.o
                0x2000041c                hdma_spi1_rx
 .bss.hdma_spi1_tx
                0x2000047c       0x60 ./Core/Src/main.o
                0x2000047c                hdma_spi1_tx
 .bss.hdma_spi2_rx
                0x200004dc       0x60 ./Core/Src/main.o
                0x200004dc                hdma_spi2_rx
 .bss.hdma_spi2_tx
                0x2000053c       0x60 ./Core/Src/main.o
                0x2000053c                hdma_spi2_tx
 .bss.huart4    0x2000059c       0x44 ./Core/Src/main.o
                0x2000059c                huart4
 .bss.defaultTaskHandle
                0x200005e0        0x4 ./Core/Src/main.o
                0x200005e0                defaultTaskHandle
 .bss.I2CTaskHandle
                0x200005e4        0x4 ./Core/Src/main.o
                0x200005e4                I2CTaskHandle
 .bss.SPITaskHandle
                0x200005e8        0x4 ./Core/Src/main.o
                0x200005e8                SPITaskHandle
 .bss.CANTaskHandle
                0x200005ec        0x4 ./Core/Src/main.o
                0x200005ec                CANTaskHandle
 .bss.UARTTaskHandle
                0x200005f0        0x4 ./Core/Src/main.o
                0x200005f0                UARTTaskHandle
 .bss.CanQueueHandle
                0x200005f4        0x4 ./Core/Src/main.o
                0x200005f4                CanQueueHandle
 .bss.CommMutexHandleHandle
                0x200005f8        0x4 ./Core/Src/main.o
                0x200005f8                CommMutexHandleHandle
 .bss.i2cTxRxSemHandle
                0x200005fc        0x4 ./Core/Src/mp5475gu_driver.o
 .bss.data.0    0x20000600        0x2 ./Core/Src/mp5475gu_driver.o
 *fill*         0x20000602        0x2 
 .bss.__sbrk_heap_end
                0x20000604        0x4 ./Core/Src/sysmem.o
 .bss.uwTick    0x20000608        0x4 ./Drivers/STM32F4xx_HAL_Driver/Src/stm32f4xx_hal.o
                0x20000608                uwTick
 .bss.KernelState
                0x2000060c        0x4 ./Middlewares/Third_Party/FreeRTOS/Source/CMSIS_RTOS_V2/cmsis_os2.o
 .bss.Idle_TCB.3
                0x20000610       0x5c ./Middlewares/Third_Party/FreeRTOS/Source/CMSIS_RTOS_V2/cmsis_os2.o
 .bss.Idle_Stack.2
                0x2000066c      0x200 ./Middlewares/Third_Party/FreeRTOS/Source/CMSIS_RTOS_V2/cmsis_os2.o
 .bss.Timer_TCB.1
                0x2000086c       0x5c ./Middlewares/Third_Party/FreeRTOS/Source/CMSIS_RTOS_V2/cmsis_os2.o
 .bss.Timer_Stack.0
                0x200008c8      0x400 ./Middlewares/Third_Party/FreeRTOS/Source/CMSIS_RTOS_V2/cmsis_os2.o
 .bss.xQueueRegistry
                0x20000cc8       0x40 ./Middlewares/Third_Party/FreeRTOS/Source/queue.o
                0x20000cc8                xQueueRegistry
 .bss.pxCurrentTCB
                0x20000d08        0x4 ./Middlewares/Third_Party/FreeRTOS/Source/tasks.o
                0x20000d08                pxCurrentTCB
 .bss.pxReadyTasksLists
                0x20000d0c      0x460 ./Middlewares/Third_Party/FreeRTOS/Source/tasks.o
 .bss.xDelayedTaskList1
                0x2000116c       0x14 ./Middlewares/Third_Party/FreeRTOS/Source/tasks.o
 .bss.xDelayedTaskList2
                0x20001180       0x14 ./Middlewares/Third_Party/FreeRTOS/Source/tasks.o
 .bss.pxDelayedTaskList
                0x20001194        0x4 ./Middlewares/Third_Party/FreeRTOS/Source/tasks.o
 .bss.pxOverflowDelayedTaskList
                0x20001198        0x4 ./Middlewares/Third_Party/FreeRTOS/Source/tasks.o
 .bss.xPendingReadyList
                0x2000119c       0x14 ./Middlewares/Third_Party/FreeRTOS/Source/tasks.o
 .bss.xTasksWaitingTermination
                0x200011b0       0x14 ./Middlewares/Third_Party/FreeRTOS/Source/tasks.o
 .bss.uxDeletedTasksWaitingCleanUp
                0x200011c4        0x4 ./Middlewares/Third_Party/FreeRTOS/Source/tasks.o
 .bss.xSuspendedTaskList
                0x200011c8       0x14 ./Middlewares/Third_Party/FreeRTOS/Source/tasks.o
 .bss.uxCurrentNumberOfTasks
                0x200011dc        0x4 ./Middlewares/Third_Party/FreeRTOS/Source/tasks.o
 .bss.xTickCount
                0x200011e0        0x4 ./Middlewares/Third_Party/FreeRTOS/Source/tasks.o
 .bss.uxTopReadyPriority
                0x200011e4        0x4 ./Middlewares/Third_Party/FreeRTOS/Source/tasks.o
 .bss.xSchedulerRunning
                0x200011e8        0x4 ./Middlewares/Third_Party/FreeRTOS/Source/tasks.o
 .bss.xPendedTicks
                0x200011ec        0x4 ./Middlewares/Third_Party/FreeRTOS/Source/tasks.o
 .bss.xYieldPending
                0x200011f0        0x4 ./Middlewares/Third_Party/FreeRTOS/Source/tasks.o
 .bss.xNumOfOverflows
                0x200011f4        0x4 ./Middlewares/Third_Party/FreeRTOS/Source/tasks.o
 .bss.uxTaskNumber
                0x200011f8        0x4 ./Middlewares/Third_Party/FreeRTOS/Source/tasks.o
 .bss.xNextTaskUnblockTime
                0x200011fc        0x4 ./Middlewares/Third_Party/FreeRTOS/Source/tasks.o
 .bss.xIdleTaskHandle
                0x20001200        0x4 ./Middlewares/Third_Party/FreeRTOS/Source/tasks.o
 .bss.uxSchedulerSuspended
                0x20001204        0x4 ./Middlewares/Third_Party/FreeRTOS/Source/tasks.o
 .bss.xActiveTimerList1
                0x20001208       0x14 ./Middlewares/Third_Party/FreeRTOS/Source/timers.o
 .bss.xActiveTimerList2
                0x2000121c       0x14 ./Middlewares/Third_Party/FreeRTOS/Source/timers.o
 .bss.pxCurrentTimerList
                0x20001230        0x4 ./Middlewares/Third_Party/FreeRTOS/Source/timers.o
 .bss.pxOverflowTimerList
                0x20001234        0x4 ./Middlewares/Third_Party/FreeRTOS/Source/timers.o
 .bss.xTimerQueue
                0x20001238        0x4 ./Middlewares/Third_Party/FreeRTOS/Source/timers.o
 .bss.xTimerTaskHandle
                0x2000123c        0x4 ./Middlewares/Third_Party/FreeRTOS/Source/timers.o
 .bss.xLastTime.2
                0x20001240        0x4 ./Middlewares/Third_Party/FreeRTOS/Source/timers.o
 .bss.ucStaticTimerQueueStorage.1
                0x20001244       0xa0 ./Middlewares/Third_Party/FreeRTOS/Source/timers.o
 .bss.xStaticTimerQueue.0
                0x200012e4       0x50 ./Middlewares/Third_Party/FreeRTOS/Source/timers.o
 .bss.ucMaxSysCallPriority
                0x20001334        0x1 ./Middlewares/Third_Party/FreeRTOS/Source/portable/GCC/ARM_CM4F/port.o
 *fill*         0x20001335        0x3 
 .bss.ulMaxPRIGROUPValue
                0x20001338        0x4 ./Middlewares/Third_Party/FreeRTOS/Source/portable/GCC/ARM_CM4F/port.o
 .bss.ucHeap    0x2000133c     0x3c00 ./Middlewares/Third_Party/FreeRTOS/Source/portable/MemMang/heap_4.o
 .bss.xStart    0x20004f3c        0x8 ./Middlewares/Third_Party/FreeRTOS/Source/portable/MemMang/heap_4.o
 .bss.pxEnd     0x20004f44        0x4 ./Middlewares/Third_Party/FreeRTOS/Source/portable/MemMang/heap_4.o
 .bss.xFreeBytesRemaining
                0x20004f48        0x4 ./Middlewares/Third_Party/FreeRTOS/Source/portable/MemMang/heap_4.o
 .bss.xMinimumEverFreeBytesRemaining
                0x20004f4c        0x4 ./Middlewares/Third_Party/FreeRTOS/Source/portable/MemMang/heap_4.o
 .bss.xNumberOfSuccessfulAllocations
                0x20004f50        0x4 ./Middlewares/Third_Party/FreeRTOS/Source/portable/MemMang/heap_4.o
 .bss.xNumberOfSuccessfulFrees
                0x20004f54        0x4 ./Middlewares/Third_Party/FreeRTOS/Source/portable/MemMang/heap_4.o
 .bss.xBlockAllocatedBit
                0x20004f58        0x4 ./Middlewares/Third_Party/FreeRTOS/Source/portable/MemMang/heap_4.o
 .bss.__sf      0x20004f5c      0x138 C:/ST/STM32CubeIDE_1.17.0/STM32CubeIDE/plugins/com.st.stm32cube.ide.mcu.externaltools.gnu-tools-for-stm32.13.3.rel1.win32_1.0.0.202411081344/tools/bin/../lib/gcc/arm-none-eabi/13.3.1/../../../../arm-none-eabi/lib/thumb/v7e-m+fp/hard\libc_nano.a(libc_a-findfp.o)
                0x20004f5c                __sf
 .bss.errno     0x20005094        0x4 C:/ST/STM32CubeIDE_1.17.0/STM32CubeIDE/plugins/com.st.stm32cube.ide.mcu.externaltools.gnu-tools-for-stm32.13.3.rel1.win32_1.0.0.202411081344/tools/bin/../lib/gcc/arm-none-eabi/13.3.1/../../../../arm-none-eabi/lib/thumb/v7e-m+fp/hard\libc_nano.a(libc_a-reent.o)
                0x20005094                errno
 .bss.__lock___malloc_recursive_mutex
                0x20005098        0x1 C:/ST/STM32CubeIDE_1.17.0/STM32CubeIDE/plugins/com.st.stm32cube.ide.mcu.externaltools.gnu-tools-for-stm32.13.3.rel1.win32_1.0.0.202411081344/tools/bin/../lib/gcc/arm-none-eabi/13.3.1/../../../../arm-none-eabi/lib/thumb/v7e-m+fp/hard\libc_nano.a(libc_a-lock.o)
                0x20005098                __lock___malloc_recursive_mutex
 *fill*         0x20005099        0x3 
 .bss.__malloc_sbrk_start
                0x2000509c        0x4 C:/ST/STM32CubeIDE_1.17.0/STM32CubeIDE/plugins/com.st.stm32cube.ide.mcu.externaltools.gnu-tools-for-stm32.13.3.rel1.win32_1.0.0.202411081344/tools/bin/../lib/gcc/arm-none-eabi/13.3.1/../../../../arm-none-eabi/lib/thumb/v7e-m+fp/hard\libc_nano.a(libc_a-mallocr.o)
                0x2000509c                __malloc_sbrk_start
 .bss.__malloc_free_list
                0x200050a0        0x4 C:/ST/STM32CubeIDE_1.17.0/STM32CubeIDE/plugins/com.st.stm32cube.ide.mcu.externaltools.gnu-tools-for-stm32.13.3.rel1.win32_1.0.0.202411081344/tools/bin/../lib/gcc/arm-none-eabi/13.3.1/../../../../arm-none-eabi/lib/thumb/v7e-m+fp/hard\libc_nano.a(libc_a-mallocr.o)
                0x200050a0                __malloc_free_list
 *(COMMON)
                0x200050a4                        . = ALIGN (0x4)
                0x200050a4                        _ebss = .
                0x200050a4                        __bss_end__ = _ebss

._user_heap_stack
                0x200050a4      0x604 load address 0x0800dfe0
                0x200050a8                        . = ALIGN (0x8)
 *fill*         0x200050a4        0x4 
                [!provide]                        PROVIDE (end = .)
                0x200050a8                        PROVIDE (_end = .)
                0x200052a8                        . = (. + _Min_Heap_Size)
 *fill*         0x200050a8      0x200 
                0x200056a8                        . = (. + _Min_Stack_Size)
 *fill*         0x200052a8      0x400 
                0x200056a8                        . = ALIGN (0x8)

/DISCARD/
 libc.a(*)
 libm.a(*)
 libgcc.a(*)

.ARM.attributes
                0x00000000       0x30
 *(.ARM.attributes)
 .ARM.attributes
                0x00000000       0x22 C:/ST/STM32CubeIDE_1.17.0/STM32CubeIDE/plugins/com.st.stm32cube.ide.mcu.externaltools.gnu-tools-for-stm32.13.3.rel1.win32_1.0.0.202411081344/tools/bin/../lib/gcc/arm-none-eabi/13.3.1/thumb/v7e-m+fp/hard/crti.o
 .ARM.attributes
                0x00000022       0x34 C:/ST/STM32CubeIDE_1.17.0/STM32CubeIDE/plugins/com.st.stm32cube.ide.mcu.externaltools.gnu-tools-for-stm32.13.3.rel1.win32_1.0.0.202411081344/tools/bin/../lib/gcc/arm-none-eabi/13.3.1/thumb/v7e-m+fp/hard/crtbegin.o
 .ARM.attributes
                0x00000056       0x34 ./Core/Src/can_manager.o
 .ARM.attributes
                0x0000008a       0x34 ./Core/Src/dtc_manager.o
 .ARM.attributes
                0x000000be       0x34 ./Core/Src/eeprom_25lc256.o
 .ARM.attributes
                0x000000f2       0x34 ./Core/Src/main.o
 .ARM.attributes
                0x00000126       0x34 ./Core/Src/mp5475gu_driver.o
 .ARM.attributes
                0x0000015a       0x34 ./Core/Src/stm32f4xx_hal_msp.o
 .ARM.attributes
                0x0000018e       0x34 ./Core/Src/stm32f4xx_it.o
 .ARM.attributes
                0x000001c2       0x34 ./Core/Src/sysmem.o
 .ARM.attributes
                0x000001f6       0x34 ./Core/Src/system_stm32f4xx.o
 .ARM.attributes
                0x0000022a       0x21 ./Core/Startup/startup_stm32f413zhtx.o
 .ARM.attributes